
NOTICE:  8 GB DDR4, 64-bit, CL=15, ECC on
NOTICE:  BL2: v2.10.0	(release):lf-6.6.52-2.2.0-dirty
NOTICE:  BL2: Built : 08:52:12, Nov  4 2024
NOTICE:  BL2: Booting BL31
NOTICE:  BL31: v2.10.0	(release):lf-6.6.52-2.2.0-dirty
NOTICE:  BL31: Built : 08:52:12, Nov  4 2024
NOTICE:  Welcome to ls1046afrwy BL31 Phase


U-Boot 2024.04+fsl+g6c4545203d1+p0 (Nov 15 2024 - 04:02:13 +0000)

SoC:  LS1046A Rev1.0 (0x87070110)
Clock Configuration:
       CPU0(A72):1600 MHz  CPU1(A72):1600 MHz  CPU2(A72):1600 MHz  
       CPU3(A72):1600 MHz  
       Bus:      600  MHz  DDR:      2100 MT/s  FMAN:     700  MHz
Reset Configuration Word (RCW):
       00000000: 0c150010 0e000000 00000000 00000000
       00000010: 13330000 40300012 40025000 c1000000
       00000020: 00000000 00000000 00000000 00038878
       00000030: 20044100 24061000 00000096 00000001
Model: LS1046A FRWY Board
Board: LS1046AFRWY, Rev: B, boot from QSPI
SD1_CLK1 = 100.00MHZ, SD1_CLK2 = 100.00MHZ
DRAM:  7.9 GiB (DDR4, 64-bit, CL=15, ECC on)
Core:  41 devices, 17 uclasses, devicetree: separate
WDT:   Started watchdog with servicing every 30000ms (127s timeout)
Using SERDES1 Protocol: 4915 (0x1333)
Using SERDES2 Protocol: 0 (0x0)
SERDES2[PRTCL] = 0x0 is not valid
MMC:   FSL_SDHC: 0
Loading Environment from SPIFlash... SF: Detected mt25qu512a with page size 256 Bytes, erase size 64 KiB, total 64 MiB
OK
EEPROM: CCID
In:    serial@21c0500
Out:   serial@21c0500
Err:   serial@21c0500
SEC0:  RNG instantiated
CLU: DEV1: design_id change [5395ABP1] -> [DV1_V3.3]
CLU: DEV1: design: [DV1_V3.3] | PLL Status - Locked
CLU: DEV2: design_id change [5395ABP1] -> [DV2_V3.3]
CLU: DEV2: design: [DV2_V3.3] | PLL Status - Locked
Switch configured
FPGA configured
Warning: system will reset now for reconfiguration

NOTICE:  8 GB DDR4, 64-bit, CL=15, ECC on
NOTICE:  BL2: v2.10.0	(release):lf-6.6.52-2.2.0-dirty
NOTICE:  BL2: Built : 08:52:12, Nov  4 2024
NOTICE:  BL2: Booting BL31
NOTICE:  BL31: v2.10.0	(release):lf-6.6.52-2.2.0-dirty
NOTICE:  BL31: Built : 08:52:12, Nov  4 2024
NOTICE:  Welcome to ls1046afrwy BL31 Phase


U-Boot 2024.04+fsl+g6c4545203d1+p0 (Nov 15 2024 - 04:02:13 +0000)

SoC:  LS1046A Rev1.0 (0x87070110)
Clock Configuration:
       CPU0(A72):1600 MHz  CPU1(A72):1600 MHz  CPU2(A72):1600 MHz  
       CPU3(A72):1600 MHz  
       Bus:      600  MHz  DDR:      2100 MT/s  FMAN:     700  MHz
Reset Configuration Word (RCW):
       00000000: 0c150010 0e000000 00000000 00000000
       00000010: 13330000 40300012 40025000 c1000000
       00000020: 00000000 00000000 00000000 00038878
       00000030: 20044100 24061000 00000096 00000001
Model: LS1046A FRWY Board
Board: LS1046AFRWY, Rev: B, boot from QSPI
SD1_CLK1 = 100.00MHZ, SD1_CLK2 = 100.00MHZ
DRAM:  7.9 GiB (DDR4, 64-bit, CL=15, ECC on)
Core:  41 devices, 17 uclasses, devicetree: separate
WDT:   Started watchdog with servicing every 30000ms (127s timeout)
Using SERDES1 Protocol: 4915 (0x1333)
Using SERDES2 Protocol: 0 (0x0)
SERDES2[PRTCL] = 0x0 is not valid
MMC:   FSL_SDHC: 0
Loading Environment from SPIFlash... SF: Detected mt25qu512a with page size 256 Bytes, erase size 64 KiB, total 64 MiB
OK
EEPROM: CCID
In:    serial@21c0500
Out:   serial@21c0500
Err:   serial@21c0500
SEC0:  RNG instantiated
CLU: DEV1: design: [DV1_V3.3] | PLL Status - Locked
CLU: DEV2: design: [DV2_V3.3] | PLL Status - Locked
Switch ready
FPGA ready
Net:   Fman1: Uploading microcode version 106.4.18
eth0: fm1-mac5
Hit any key to stop autoboot:  5 
[TX] 
 0 
=> 
[TX] 

=> 
[TX] gpio clear 27
gpio clear 27
gpio: pin 27 (gpio 27) value is 0
=> 
[TX] mac read
mac read
=> 
[TX] mac id
mac id
=> 
[TX] mac ports 4
mac ports 4
=> 
[TX] mac 0 70:B3:D5:97:07:D8
mac 0 70:B3:D5:97:07:D8
=> 
[TX] mac 1 00:04:9F:08:44:A2
mac 1 00:04:9F:08:44:A2
=> 
[TX] mac 2 00:04:9F:08:44:A3
mac 2 00:04:9F:08:44:A3
=> 
[TX] mac 3 00:04:9F:08:44:A4
mac 3 00:04:9F:08:44:A4
=> 
[TX] mac save
mac save
Programming passed.
=> 
NOTICE:  8 GB DDR4, 64-bit, CL=15, ECC on
NOTICE:  BL2: v2.10.0	(release):lf-6.6.52-2.2.0-dirty
NOTICE:  BL2: Built : 08:52:12, Nov  4 2024
NOTICE:  BL2: Booting BL31
NOTICE:  BL31: v2.10.0	(release):lf-6.6.52-2.2.0-dirty
NOTICE:  BL31: Built : 08:52:12, Nov  4 2024
NOTICE:  Welcome to ls1046afrwy BL31 Phase


U-Boot 2024.04+fsl+g6c4545203d1+p0 (Nov 15 2024 - 04:02:13 +0000)

SoC:  LS1046A Rev1.0 (0x87070110)
Clock Configuration:
       CPU0(A72):1600 MHz  CPU1(A72):1600 MHz  CPU2(A72):1600 MHz  
       CPU3(A72):1600 MHz  
       Bus:      600  MHz  DDR:      2100 MT/s  FMAN:     700  MHz
Reset Configuration Word (RCW):
       00000000: 0c150010 0e000000 00000000 00000000
       00000010: 13330000 40300012 40025000 c1000000
       00000020: 00000000 00000000 00000000 00038878
       00000030: 20044100 24061000 00000096 00000001
Model: LS1046A FRWY Board
Board: LS1046AFRWY, Rev: B, boot from QSPI
SD1_CLK1 = 100.00MHZ, SD1_CLK2 = 100.00MHZ
DRAM:  7.9 GiB (DDR4, 64-bit, CL=15, ECC on)
Core:  41 devices, 17 uclasses, devicetree: separate
WDT:   Started watchdog with servicing every 30000ms (127s timeout)
Using SERDES1 Protocol: 4915 (0x1333)
Using SERDES2 Protocol: 0 (0x0)
SERDES2[PRTCL] = 0x0 is not valid
MMC:   FSL_SDHC: 0
Loading Environment from SPIFlash... SF: Detected mt25qu512a with page size 256 Bytes, erase size 64 KiB, total 64 MiB
OK
EEPROM: CCID
In:    serial@21c0500
Out:   serial@21c0500
Err:   serial@21c0500
SEC0:  RNG instantiated
CLU: DEV1: design: [DV1_V3.3] | PLL Status - Locked
CLU: DEV2: design: [DV2_V3.3] | PLL Status - Locked
Switch ready
FPGA ready
Net:   Fman1: Uploading microcode version 106.4.18
eth0: fm1-mac5
Hit any key to stop autoboot:  5  4  3  2  1  0 
switch to partitions #0, OK
mmc0(part 0) is current device
** No partition table - mmc 0 **
Couldn't find partition mmc 0:1
** No partition table - mmc 0 **
Couldn't find partition mmc 0:1
Trying load from qspi..
SF: Detected mt25qu512a with page size 256 Bytes, erase size 64 KiB, total 64 MiB
device 0 offset 0x1000000, size 0x2800000
SF: 41943040 bytes @ 0x1000000 Read: OK
## Loading kernel from FIT Image at a0000000 ...
   Using 'ls1046afrwy' configuration
   Trying 'kernel' kernel subimage
     Description:  ARM64 Kernel
     Type:         Kernel Image
     Compression:  gzip compressed
     Data Start:   0xa00000d0
     Data Size:    7395271 Bytes = 7.1 MiB
     Architecture: AArch64
     OS:           Linux
     Load Address: 0x84080000
     Entry Point:  0x84080000
     Hash algo:    crc32
     Hash value:   635c6092
   Verifying Hash Integrity ... crc32+ OK
## Loading ramdisk from FIT Image at a0000000 ...
   Using 'ls1046afrwy' configuration
   Trying 'initrd' ramdisk subimage
     Description:  initrd for arm64
     Type:         RAMDisk Image
     Compression:  uncompressed
     Data Start:   0xa070d978
     Data Size:    31741048 Bytes = 30.3 MiB
     Architecture: AArch64
     OS:           Linux
     Load Address: 0x00000000
     Entry Point:  0x00000000
     Hash algo:    crc32
     Hash value:   cec677c7
   Verifying Hash Integrity ... crc32+ OK
## Loading fdt from FIT Image at a0000000 ...
   Using 'ls1046afrwy' configuration
   Trying 'fdt-dtb' fdt subimage
     Description:  nxp-dtb
     Type:         Flat Device Tree
     Compression:  uncompressed
     Data Start:   0xa2552ec4
     Data Size:    40761 Bytes = 39.8 KiB
     Architecture: AArch64
     Load Address: 0x90000000
     Hash algo:    crc32
     Hash value:   0a4f049c
   Verifying Hash Integrity ... crc32+ OK
   Loading fdt from 0xa2552ec4 to 0x90000000
   Booting using the fdt blob at 0x90000000
Working FDT set to 90000000
   Uncompressing Kernel Image to 84080000
Moving Image from 0x84080000 to 0x84200000, end=85390000
   Loading Ramdisk to 8e1ba000, end 8ffff478 ... OK
   Loading Device Tree to 000000008e19d000, end 000000008e1b9f38 ... OK
Working FDT set to 8e19d000
NOTICE:  SEC is disabled.
WARNING: No random number to set kaslr-seed
WARNING failed to get smmu node: FDT_ERR_NOTFOUND
WARNING failed to get smmu node: FDT_ERR_NOTFOUND

Starting kernel ...

[    0.000000] Booting Linux on physical CPU 0x0000000000 [0x410fd082]
[    0.000000] Linux version 6.6.52-ge0f9e2afd4cf-dirty (oe-user@oe-host) (aarch64-fsl-linux-gcc (GCC) 13.3.0, GNU ld (GNU Binutils) 2.42.0.20240723) #1 SMP PREEMPT Tue Nov 19 23:01:49 UTC 2024
[    0.000000] KASLR disabled due to lack of seed
[    0.000000] Machine model: LS1046A FRWY Board
[    0.000000] earlycon: uart8250 at MMIO 0x00000000021c0500 (options '')
[    0.000000] printk: bootconsole [uart8250] enabled
[    0.000000] OF: reserved mem: initialized node qman-pfdr, compatible id fsl,qman-pfdr
[    0.000000] OF: reserved mem: 0x00000009fc000000..0x00000009fdffffff (32768 KiB) nomap non-reusable qman-pfdr
[    0.000000] OF: reserved mem: initialized node qman-fqd, compatible id fsl,qman-fqd
[    0.000000] OF: reserved mem: 0x00000009fe800000..0x00000009feffffff (8192 KiB) nomap non-reusable qman-fqd
[    0.000000] OF: reserved mem: initialized node bman-fbpr, compatible id fsl,bman-fbpr
[    0.000000] OF: reserved mem: 0x00000009ff000000..0x00000009ffffffff (16384 KiB) nomap non-reusable bman-fbpr
[    0.000000] Zone ranges:
[    0.000000]   DMA      [mem 0x0000000080000000-0x00000000ffffffff]
[    0.000000]   DMA32    empty
[    0.000000]   Normal   [mem 0x0000000100000000-0x00000009ffffffff]
[    0.000000] Movable zone start for each node
[    0.000000] Early memory node ranges
[    0.000000]   node   0: [mem 0x0000000080000000-0x00000000fbdfffff]
[    0.000000]   node   0: [mem 0x0000000880000000-0x00000009fbffffff]
[    0.000000]   node   0: [mem 0x00000009fc000000-0x00000009fdffffff]
[    0.000000]   node   0: [mem 0x00000009fe000000-0x00000009fe7fffff]
[    0.000000]   node   0: [mem 0x00000009fe800000-0x00000009ffffffff]
[    0.000000] Initmem setup node 0 [mem 0x0000000080000000-0x00000009ffffffff]
[    0.000000] On node 0, zone Normal: 16896 pages in unavailable ranges
[    0.000000] cma: Reserved 32 MiB at 0x00000000f9e00000 on node -1
[    0.000000] psci: probing for conduit method from DT.
[    0.000000] psci: PSCIv1.1 detected in firmware.
[    0.000000] psci: Using standard PSCI v0.2 function IDs
[    0.000000] psci: MIGRATE_INFO_TYPE not supported.
[    0.000000] psci: SMC Calling Convention v1.4
[    0.000000] percpu: Embedded 20 pages/cpu s44264 r8192 d29464 u81920
[    0.000000] Detected PIPT I-cache on CPU0
[    0.000000] CPU features: detected: Spectre-v2
[    0.000000] CPU features: detected: Spectre-v3a
[    0.000000] CPU features: detected: Spectre-BHB
[    0.000000] CPU features: detected: ARM erratum 1742098
[    0.000000] CPU features: detected: ARM errata 1165522, 1319367, or 1530923
[    0.000000] alternatives: applying boot alternatives
[    0.000000] Kernel command line: console=ttyS0,115200 root=/dev/ram0 earlycon=uart8250,mmio,0x21c0500 mtdparts=1550000.spi:1m(rcw),15m(u-boot),48m(kernel.itb);7e800000.flash:16m(nand_uboot),48m(nand_kernel),448m(nand_free)
[    0.000000] Dentry cache hash table entries: 1048576 (order: 11, 8388608 bytes, linear)
[    0.000000] Inode-cache hash table entries: 524288 (order: 10, 4194304 bytes, linear)
[    0.000000] Built 1 zonelists, mobility grouping on.  Total pages: 2047488
[    0.000000] mem auto-init: stack:all(zero), heap alloc:off, heap free:off
[    0.000000] software IO TLB: area num 4.
[    0.000000] software IO TLB: mapped [mem 0x00000000f5e00000-0x00000000f9e00000] (64MB)
[    0.000000] Memory: 7955424K/8321024K available (10752K kernel code, 978K rwdata, 3184K rodata, 1920K init, 949K bss, 332832K reserved, 32768K cma-reserved)
[    0.000000] SLUB: HWalign=64, Order=0-3, MinObjects=0, CPUs=4, Nodes=1
[    0.000000] rcu: Preemptible hierarchical RCU implementation.
[    0.000000] rcu: 	RCU event tracing is enabled.
[    0.000000] rcu: 	RCU restricting CPUs from NR_CPUS=16 to nr_cpu_ids=4.
[    0.000000] 	Trampoline variant of Tasks RCU enabled.
[    0.000000] 	Tracing variant of Tasks RCU enabled.
[    0.000000] rcu: RCU calculated value of scheduler-enlistment delay is 25 jiffies.
[    0.000000] rcu: Adjusting geometry for rcu_fanout_leaf=16, nr_cpu_ids=4
[    0.000000] NR_IRQS: 64, nr_irqs: 64, preallocated irqs: 0
[    0.000000] GIC: Adjusting CPU interface base to 0x000000000142f000
[    0.000000] Root IRQ handler: gic_handle_irq
[    0.000000] GIC: Using split EOI/Deactivate mode
[    0.000000] rcu: srcu_init: Setting srcu_struct sizes based on contention.
[    0.000000] arch_timer: cp15 timer(s) running at 25.00MHz (phys).
[    0.000000] clocksource: arch_sys_counter: mask: 0xffffffffffffff max_cycles: 0x5c40939b5, max_idle_ns: 440795202646 ns
[    0.000000] sched_clock: 56 bits at 25MHz, resolution 40ns, wraps every 4398046511100ns
[    0.008215] Console: colour dummy device 80x25
[    0.012705] Calibrating delay loop (skipped), value calculated using timer frequency.. 50.00 BogoMIPS (lpj=100000)
[    0.023127] pid_max: default: 32768 minimum: 301
[    0.027810] LSM: initializing lsm=capability,integrity
[    0.033040] Mount-cache hash table entries: 16384 (order: 5, 131072 bytes, linear)
[    0.040678] Mountpoint-cache hash table entries: 16384 (order: 5, 131072 bytes, linear)
[    0.049577] RCU Tasks: Setting shift to 2 and lim to 1 rcu_task_cb_adjust=1.
[    0.056717] RCU Tasks Trace: Setting shift to 2 and lim to 1 rcu_task_cb_adjust=1.
[    0.064439] rcu: Hierarchical SRCU implementation.
[    0.069261] rcu: 	Max phase no-delay instances is 1000.
[    0.074893] smp: Bringing up secondary CPUs ...
[    0.079738] Detected PIPT I-cache on CPU1
[    0.079781] CPU1: Booted secondary processor 0x0000000001 [0x410fd082]
[    0.080093] Detected PIPT I-cache on CPU2
[    0.080126] CPU2: Booted secondary processor 0x0000000002 [0x410fd082]
[    0.080414] Detected PIPT I-cache on CPU3
[    0.080447] CPU3: Booted secondary processor 0x0000000003 [0x410fd082]
[    0.080480] smp: Brought up 1 node, 4 CPUs
[    0.116385] SMP: Total of 4 processors activated.
[    0.121117] CPU features: detected: 32-bit EL0 Support
[    0.126285] CPU features: detected: CRC32 instructions
[    0.131490] CPU: All CPU(s) started at EL2
[    0.135610] alternatives: applying system-wide alternatives
[    0.141958] devtmpfs: initialized
[    0.148213] clocksource: jiffies: mask: 0xffffffff max_cycles: 0xffffffff, max_idle_ns: 7645041785100000 ns
[    0.158027] futex hash table entries: 1024 (order: 4, 65536 bytes, linear)
[    0.165306] pinctrl core: initialized pinctrl subsystem
[    0.170839] Machine: LS1046A FRWY Board
[    0.174697] SoC family: QorIQ LS1046A
[    0.178375] SoC ID: svr:0x87070110, Revision: 1.0
[    0.183529] NET: Registered PF_NETLINK/PF_ROUTE protocol family
[    0.189924] DMA: preallocated 1024 KiB GFP_KERNEL pool for atomic allocations
[    0.197283] DMA: preallocated 1024 KiB GFP_KERNEL|GFP_DMA pool for atomic allocations
[    0.205373] DMA: preallocated 1024 KiB GFP_KERNEL|GFP_DMA32 pool for atomic allocations
[    0.213451] audit: initializing netlink subsys (disabled)
[    0.218951] audit: type=2000 audit(0.140:1): state=initialized audit_enabled=0 res=1
[    0.219122] thermal_sys: Registered thermal governor 'step_wise'
[    0.226750] thermal_sys: Registered thermal governor 'power_allocator'
[    0.232808] cpuidle: using governor menu
[    0.243343] Bman ver:0a02,02,01
[    0.247900] qman-fqd addr 0x00000009fe800000 size 0x800000
[    0.253421] qman-pfdr addr 0x00000009fc000000 size 0x2000000
[    0.259116] Qman ver:0a01,03,02,01
[    0.262597] hw-breakpoint: found 6 breakpoint and 4 watchpoint registers.
[    0.269470] ASID allocator initialised with 65536 entries
[    0.274995] Serial: AMBA PL011 UART driver
[    0.289705] Modules: 28272 pages in range for non-PLT usage
[    0.289709] Modules: 519792 pages in range for PLT usage
[    0.295639] HugeTLB: registered 1.00 GiB page size, pre-allocated 0 pages
[    0.307821] HugeTLB: 0 KiB vmemmap can be freed for a 1.00 GiB page
[    0.314128] HugeTLB: registered 32.0 MiB page size, pre-allocated 0 pages
[    0.320958] HugeTLB: 0 KiB vmemmap can be freed for a 32.0 MiB page
[    0.327264] HugeTLB: registered 2.00 MiB page size, pre-allocated 0 pages
[    0.334093] HugeTLB: 0 KiB vmemmap can be freed for a 2.00 MiB page
[    0.340398] HugeTLB: registered 64.0 KiB page size, pre-allocated 0 pages
[    0.347228] HugeTLB: 0 KiB vmemmap can be freed for a 64.0 KiB page
[    0.355109] iommu: Default domain type: Passthrough
[    0.360378] imx-i2c 2180000.i2c: scl-gpios not found
[    0.365393] imx-i2c 2180000.i2c: using dma0chan16 (tx) and dma0chan17 (rx) for DMA transfers
[    0.374039] i2c i2c-0: IMX I2C adapter registered
[    0.378986] imx-i2c 21a0000.i2c: using dma0chan18 (tx) and dma0chan19 (rx) for DMA transfers
[    0.387564] i2c i2c-1: IMX I2C adapter registered
[    0.392429] imx-i2c 21b0000.i2c: using dma0chan20 (tx) and dma0chan21 (rx) for DMA transfers
[    0.400966] i2c i2c-2: IMX I2C adapter registered
[    0.405884] pps_core: LinuxPPS API ver. 1 registered
[    0.410879] pps_core: Software ver. 5.3.6 - Copyright 2005-2007 Rodolfo Giometti <giometti@linux.it>
[    0.420075] PTP clock support registered
[    0.424035] EDAC MC: Ver: 3.0.0
[    0.427416] scmi_core: SCMI protocol bus registered
[    0.432340] bman-fbpr addr 0x00000009ff000000 size 0x1000000
[    0.438077] Bman err interrupt handler present
[    0.443115] Bman portal initialised, cpu 0
[    0.447285] Bman portal initialised, cpu 1
[    0.451448] Bman portal initialised, cpu 2
[    0.455609] Bman portal initialised, cpu 3
[    0.459729] Bman portals initialised
[    0.468789] Qman err interrupt handler present
[    0.473652] QMan: Allocated lookup table at (____ptrval____), entry count 131073
[    0.481622] QMan doesn't need cleanup, uninhibiting IRQs
[    0.486969] Qman portal initialised, cpu 0
[    0.491123] QMan doesn't need cleanup, uninhibiting IRQs
[    0.496467] Qman portal initialised, cpu 1
[    0.500622] QMan doesn't need cleanup, uninhibiting IRQs
[    0.505966] Qman portal initialised, cpu 2
[    0.510122] QMan doesn't need cleanup, uninhibiting IRQs
[    0.515466] Qman portal initialised, cpu 3
[    0.519584] Qman portals initialised
[    0.523228] Bman: BPID allocator includes range 32:32
[    0.528345] Qman: FQID allocator includes range 256:256
[    0.533602] Qman: FQID allocator includes range 32768:32768
[    0.539244] Qman: CGRID allocator includes range 0:256
[    0.544555] Qman: pool channel allocator includes range 1025:15
[    0.550578] No USDPAA memory, no 'fsl,usdpaa-mem' in device-tree
[    0.556742] fsl-ifc 1530000.memory-controller: Freescale Integrated Flash Controller
[    0.564557] fsl-ifc 1530000.memory-controller: IFC version 1.4, 8 banks
[    0.571930] clocksource: Switched to clocksource arch_sys_counter
[    0.581733] NET: Registered PF_INET protocol family
[    0.586824] IP idents hash table entries: 131072 (order: 8, 1048576 bytes, linear)
[    0.597583] tcp_listen_portaddr_hash hash table entries: 4096 (order: 4, 65536 bytes, linear)
[    0.606223] Table-perturb hash table entries: 65536 (order: 6, 262144 bytes, linear)
[    0.614027] TCP established hash table entries: 65536 (order: 7, 524288 bytes, linear)
[    0.622258] TCP bind hash table entries: 65536 (order: 9, 2097152 bytes, linear)
[    0.630723] TCP: Hash tables configured (established 65536 bind 65536)
[    0.637379] UDP hash table entries: 4096 (order: 5, 131072 bytes, linear)
[    0.644327] UDP-Lite hash table entries: 4096 (order: 5, 131072 bytes, linear)
[    0.651779] NET: Registered PF_UNIX/PF_LOCAL protocol family
[    0.657493] NET: Registered PF_XDP protocol family
[    0.662430] Trying to unpack rootfs image as initramfs...
[    0.668394] Initialise system trusted keyrings
[    0.673009] workingset: timestamp_bits=46 max_order=21 bucket_order=0
[    0.696587] Key type asymmetric registered
[    0.700716] Asymmetric key parser 'x509' registered
[    0.705663] Block layer SCSI generic (bsg) driver version 0.4 loaded (major 246)
[    0.713671] lynx-10g 1ea0000.phy: PLLF: enabled, locked, reference clock 100MHz, clock net 5GHz
[    0.722439] lynx-10g 1ea0000.phy: 	Supported interfaces and link modes:
[    0.729101] lynx-10g 1ea0000.phy: 		sgmii
[    0.733133] lynx-10g 1ea0000.phy: 		1000base-x
[    0.737603] lynx-10g 1ea0000.phy: 		1000baseKX/Full
[    0.742509] lynx-10g 1ea0000.phy: 		qsgmii
[    0.746628] lynx-10g 1ea0000.phy: PLLS: enabled, locked, reference clock 156.25MHz, clock net 5.15625GHz
[    0.756172] lynx-10g 1ea0000.phy: 	Supported interfaces and link modes:
[    0.762828] lynx-10g 1ea0000.phy: 		10gbase-r
[    0.767210] lynx-10g 1ea0000.phy: 		10000baseKR/Full
[    0.775464] Serial: 8250/16550 driver, 4 ports, IRQ sharing enabled
[    0.782825] printk: console [ttyS0] disabled
[    0.787268] 21c0500.serial: ttyS0 at MMIO 0x21c0500 (irq = 44, base_baud = 18750000) is a 16550A
[    0.796143] printk: console [ttyS0] enabled
[    0.796143] printk: console [ttyS0] enabled
[    0.804538] printk: bootconsole [uart8250] disabled
[    0.804538] printk: bootconsole [uart8250] disabled
[    0.816462] 21c0600.serial: ttyS1 at MMIO 0x21c0600 (irq = 44, base_baud = 18750000) is a 16550A
[    0.825717] 21d0500.serial: ttyS2 at MMIO 0x21d0500 (irq = 45, base_baud = 18750000) is a 16550A
[    0.834939] 21d0600.serial: ttyS3 at MMIO 0x21d0600 (irq = 45, base_baud = 18750000) is a 16550A
[    0.851017] brd: module loaded
[    0.855774] loop: module loaded
[    0.860461] spi-nor spi0.0: mt25qu512a (65536 Kbytes)
[    0.865552] 3 cmdlinepart partitions found on MTD device 1550000.spi
[    0.871912] Creating 3 MTD partitions on "1550000.spi":
[    0.877138] 0x000000000000-0x000000100000 : "rcw"
[    0.882301] 0x000000100000-0x000001000000 : "u-boot"
[    0.887653] 0x000001000000-0x000004000000 : "kernel.itb"
[    0.893739] MACsec IEEE 802.1AE
[    0.897098] sfp sfp0: Host maximum power 1.0W
[    0.901768] sfp sfp0: No tx_disable pin: SFP modules will always be emitting.
[    0.909586] tun: Universal TUN/TAP device driver, 1.6
[    1.239228] sfp sfp0: module ATGBICS          ABCU-5731ARZ-C   rev E    sn ATCR2507240126   dc 250724  
[    1.616358] Freeing initrd memory: 30996K
[    1.656057] Freescale FM module, FMD API version 21.1.0
[    1.664104] Freescale FM Ports module
[    1.667765] fsl_mac: fsl_mac: FSL FMan MAC API based driver
[    1.676851] fsl_mac 1ae8000.ethernet: FMan MEMAC
[    1.681485] fsl_mac 1ae8000.ethernet: FMan MAC address: 70:b3:d5:97:07:d8
[    1.691524] fsl_mac 1aea000.ethernet: FMan MEMAC
[    1.696167] fsl_mac 1aea000.ethernet: FMan MAC address: 00:04:9f:08:44:a2
[    1.706234] fsl_mac 1af0000.ethernet: FMan MEMAC
[    1.710866] fsl_mac 1af0000.ethernet: FMan MAC address: 00:04:9f:08:44:a3
[    1.720954] fsl_mac 1af2000.ethernet: FMan MEMAC
[    1.725588] fsl_mac 1af2000.ethernet: FMan MAC address: 00:04:9f:08:44:a4
[    1.732455] fsl_dpa: FSL DPAA Ethernet driver
[    1.738374] fsl_dpa: fsl_dpa: Probed interface eth0
[    1.744712] fsl_dpa: fsl_dpa: Probed interface eth1
[    1.751153] fsl_dpa: fsl_dpa: Probed interface eth2
[    1.757707] fsl_dpa: fsl_dpa: Probed interface eth3
[    1.762639] fsl_advanced: FSL DPAA Advanced drivers:
[    1.767606] fsl_proxy: FSL DPAA Proxy initialization driver
[    1.773293] fsl_oh: FSL FMan Offline Parsing port driver
[    1.779577] i2c_dev: i2c /dev entries driver
[    1.784255] pca954x 0-0070: supply vdd not found, using dummy regulator
[    1.791711] i2c i2c-0: Added multiplexed i2c bus 3
[    1.796739] i2c i2c-0: Added multiplexed i2c bus 4
[    1.801763] i2c i2c-0: Added multiplexed i2c bus 5
[    1.806724] i2c i2c-0: Added multiplexed i2c bus 6
[    1.811768] i2c i2c-0: Added multiplexed i2c bus 7
[    1.816819] i2c i2c-0: Added multiplexed i2c bus 8
[    1.821868] i2c i2c-0: Added multiplexed i2c bus 9
[    1.826912] i2c i2c-0: Added multiplexed i2c bus 10
[    1.831801] pca954x 0-0070: registered 8 multiplexed busses for I2C mux pca9547
[    1.839443] ptp_qoriq: device tree node missing required elements, try automatic configuration
[    1.848165] pps pps0: new PPS source ptp0
[    1.864952] thermal thermal_zone3: failed to read out thermal zone (-61)
[    1.871672] qoriq-cpufreq qoriq-cpufreq: Freescale QorIQ CPU frequency scaling driver
[    1.879968] sdhci: Secure Digital Host Controller Interface driver
[    1.886153] sdhci: Copyright(c) Pierre Ossman
[    1.890524] sdhci-pltfm: SDHCI platform and OF driver helper
[    1.897142] ledtrig-cpu: registered to indicate activity on CPUs
[    1.903910] Freescale USDPAA process driver
[    1.908096] fsl-usdpaa: no region found
[    1.911931] Freescale USDPAA process IRQ driver
[    1.917026] hw perfevents: enabled with armv8_cortex_a72 PMU driver, 7 counters available
[    1.919936] mmc0: SDHCI controller on 1560000.esdhc [1560000.esdhc] using ADMA 64-bit
[    1.925742]  cs_system_cfg: CoreSight Configuration manager initialised
[    1.940279] NET: Registered PF_LLC protocol family
[    1.945094] u32 classifier
[    1.947795]     input device check on
[    1.951455]     Actions configured
[    1.955962] Initializing XFRM netlink socket
[    1.960252] NET: Registered PF_PACKET protocol family
[    1.965314] NET: Registered PF_KEY protocol family
[    1.970131] Bridge firewalling registered
[    1.974260] 8021q: 802.1Q VLAN Support v1.8
[    1.978522] Key type dns_resolver registered
[    1.978711] mmc0: new high speed MMC card at address 0001
[    1.985432] registered taskstats version 1
[    1.988493] mmcblk0: mmc0:0001 0IM20G 119 GiB
[    1.992374] Loading compiled-in X.509 certificates
[    1.997812] mmcblk0boot0: mmc0:0001 0IM20G 31.5 MiB
[    2.006764] mmcblk0boot1: mmc0:0001 0IM20G 31.5 MiB
[    2.006919] clk: Disabling unused clocks
[    2.011878] mmcblk0rpmb: mmc0:0001 0IM20G 4.00 MiB, chardev (240:0)
[    2.022579] Freeing unused kernel memory: 1920K
[    2.027210] Run /init as init process
[    2.041256] systemd[1]: System time before build time, advancing clock.
[    2.054176] systemd[1]: systemd 255.4^ running in system mode (+PAM -AUDIT -SELINUX -APPARMOR +IMA -SMACK +SECCOMP -GCRYPT -GNUTLS -OPENSSL +ACL +BLKID -CURL -ELFUTILS -FIDO2 -IDN2 -IDN -IPTC +KMOD -LIBCRYPTSETUP +LIBFDISK -PCRE2 -PWQUALITY -P11KIT -QRENCODE -TPM2 -BZIP2 -LZ4 -XZ -ZLIB +ZSTD -BPF_FRAMEWORK +XKBCOMMON +UTMP +SYSVINIT default-hierarchy=unified)
[    2.086031] systemd[1]: Detected architecture arm64.

Welcome to [1mSatixfy Landing Station Distro 5.0.4 (scarthgap)[0m!

[    2.108042] systemd[1]: Hostname set to <ls1046afrwy>.
[    2.113278] systemd[1]: Initializing machine ID from random generator.
[    2.279351] systemd[1]: Queued start job for default target Multi-User System.
[    2.301758] systemd[1]: Created slice Slice /system/getty.
[[0;32m  OK  [0m] Created slice [0;1;39mSlice /system/getty[0m.
[    2.324672] systemd[1]: Created slice Slice /system/modprobe.
[[0;32m  OK  [0m] Created slice [0;1;39mSlice /system/modprobe[0m.
[    2.348708] systemd[1]: Created slice Slice /system/serial-getty.
[[0;32m  OK  [0m] Created slice [0;1;39mSlice /system/serial-getty[0m.
[    2.372593] systemd[1]: Created slice User and Session Slice.
[[0;32m  OK  [0m] Created slice [0;1;39mUser and Session Slice[0m.
[    2.392243] systemd[1]: Started Dispatch Password Requests to Console Directory Watch.
[[0;32m  OK  [0m] Started [0;1;39mDispatch Password Requests to Console Directory Watch[0m.
[    2.420253] systemd[1]: Started Forward Password Requests to Wall Directory Watch.
[[0;32m  OK  [0m] Started [0;1;39mForward Password Requests to Wall Directory Watch[0m.
[    2.444077] systemd[1]: Expecting device /dev/mmcblk0p3...
         Expecting device [0;1;39m/dev/mmcblk0p3[0m...
[    2.464125] systemd[1]: Reached target Path Units.
[[0;32m  OK  [0m] Reached target [0;1;39mPath Units[0m.
[    2.484077] systemd[1]: Reached target Remote File Systems.
[[0;32m  OK  [0m] Reached target [0;1;39mRemote File Systems[0m.
[    2.504060] systemd[1]: Reached target Slice Units.
[[0;32m  OK  [0m] Reached target [0;1;39mSlice Units[0m.
[    2.524082] systemd[1]: Reached target Swaps.
[[0;32m  OK  [0m] Reached target [0;1;39mSwaps[0m.
[    2.544606] systemd[1]: Listening on Syslog Socket.
[[0;32m  OK  [0m] Listening on [0;1;39mSyslog Socket[0m.
[    2.564316] systemd[1]: Listening on initctl Compatibility Named Pipe.
[[0;32m  OK  [0m] Listening on [0;1;39minitctl Compatibility Named Pipe[0m.
[    2.588688] systemd[1]: Listening on Journal Audit Socket.
[[0;32m  OK  [0m] Listening on [0;1;39mJournal Audit Socket[0m.
[    2.608466] systemd[1]: Listening on Journal Socket (/dev/log).
[[0;32m  OK  [0m] Listening on [0;1;39mJournal Socket (/dev/log)[0m.
[    2.632569] systemd[1]: Listening on Journal Socket.
[[0;32m  OK  [0m] Listening on [0;1;39mJournal Socket[0m.
[    2.652625] systemd[1]: Listening on udev Control Socket.
[[0;32m  OK  [0m] Listening on [0;1;39mudev Control Socket[0m.
[    2.672465] systemd[1]: Listening on udev Kernel Socket.
[[0;32m  OK  [0m] Listening on [0;1;39mudev Kernel Socket[0m.
[    2.692487] systemd[1]: Listening on User Database Manager Socket.
[[0;32m  OK  [0m] Listening on [0;1;39mUser Database Manager Socket[0m.
[    2.740115] systemd[1]: Mounting Huge Pages File System...
         Mounting [0;1;39mHuge Pages File System[0m...
[    2.762817] systemd[1]: Mounting POSIX Message Queue File System...
         Mounting [0;1;39mPOSIX Message Queue File System[0m...
[    2.785806] systemd[1]: Mounting Kernel Debug File System...
         Mounting [0;1;39mKernel Debug File System[0m...
[    2.804226] systemd[1]: Kernel Trace File System was skipped because of an unmet condition check (ConditionPathExists=/sys/kernel/tracing).
[    2.818432] systemd[1]: Mounting Temporary Directory /tmp...
         Mounting [0;1;39mTemporary Directory /tmp[0m...
[    2.840145] systemd[1]: Create List of Static Device Nodes was skipped because of an unmet condition check (ConditionFileNotEmpty=/lib/modules/6.6.52-ge0f9e2afd4cf-dirty/modules.devname).
[    2.858882] systemd[1]: Starting Load Kernel Module configfs...
         Starting [0;1;39mLoad Kernel Module configfs[0m...
[    2.882011] systemd[1]: Starting Load Kernel Module drm...
         Starting [0;1;39mLoad Kernel Module drm[0m...
[    2.902013] systemd[1]: Starting Load Kernel Module fuse...
         Starting [0;1;39mLoad Kernel Module fuse[0m...
[    2.920141] systemd[1]: File System Check on Root Device was skipped because of an unmet condition check (ConditionPathIsReadWrite=!/).
[    2.973595] systemd[1]: Starting Journal Service...
         Starting [0;1;39mJournal Service[0m...
[    2.992378] systemd[1]: Load Kernel Modules was skipped because no trigger condition checks were met.
[    3.003464] systemd[1]: Starting Generate network units from Kernel command line...
         Starting [0;1;39mGenerate network units from Kernel command line[0m...
[    3.029773] systemd[1]: Starting Remount Root and Kernel File Systems...
         Startin[    3.037737] systemd-journald[102]: Collecting audit messages is enabled.
g [0;1;39mRemount Root and Kernel File Systems[0m...
[    3.061781] systemd[1]: Starting Apply Kernel Variables...
         Starting [0;1;39mApply Kernel Variables[0m...
[    3.085812] systemd[1]: Starting Create Static Device Nodes in /dev gracefully...
         Starting [0;1;39mCreate Static Device Nodes in /dev gracefully[0m...
[    3.117974] systemd[1]: Starting Coldplug All udev Devices...
         Starting [0;1;39mColdplug All udev Devices[0m...
[    3.142676] systemd[1]: Started Journal Service.
[[0;32m  OK  [0m] Started [0;1;39mJournal Service[0m.
[[0;32m  OK  [0m] Mounted [0;1;39mHuge Pages File System[0m.
[[0;32m  OK  [0m] Mounted [0;1;39mPOSIX Message Queue File System[0m.
[[0;32m  OK  [0m] Mounted [0;1;39mKernel Debug File System[0m.
[[0;32m  OK  [0m] Mounted [0;1;39mTemporary Directory /tmp[0m.
[[0;32m  OK  [0m] Finished [0;1;39mLoad Kernel Module configfs[0m.
[[0;32m  OK  [0m] Finished [0;1;39mLoad Kernel Module drm[0m.
[[0;32m  OK  [0m] Finished [0;1;39mLoad Kernel Module fuse[0m.
[[0;32m  OK  [0m] Finished [0;1;39mGenerate network units from Kernel command line[0m.
[[0;32m  OK  [0m] Finished [0;1;39mRemount Root and Kernel File Systems[0m.
[[0;32m  OK  [0m] Finished [0;1;39mApply Kernel Variables[0m.
[[0;32m  OK  [0m] Finished [0;1;39mCreate Static Device Nodes in /dev gracefully[0m.
[[0;32m  OK  [0m] Reached target [0;1;39mPreparation for Network[0m.
         Mounting [0;1;39mKernel Configuration File System[0m...
         Starting [0;1;39mFlush Journal to Persistent Storage[0m...
         Starting [0;1;39mCreate System Users[0m...
[    3.481331] systemd-journald[102]: Received client request to flush runtime journal.
[[0;32m  OK  [0m] Finished [0;1;39mColdplug All udev Devices[0m.
[[0;32m  OK  [0m] Mounted [0;1;39mKernel Configuration File System[0m.
[[0;32m  OK  [0m] Finished [0;1;39mFlush Journal to Persistent Storage[0m.
[    3.553897] audit: type=1334 audit(1709054765.508:2): prog-id=6 op=LOAD
[    3.560542] audit: type=1334 audit(1709054765.516:3): prog-id=7 op=LOAD
[    3.567180] audit: type=1334 audit(1709054765.520:4): prog-id=8 op=LOAD
         Starting [0;1;39mUser Database Manager[0m...
[[0;32m  OK  [0m] Started [0;1;39mUser Database Manager[0m.
[[0;32m  OK  [0m] Finished [0;1;39mCreate System Users[0m.
         Starting [0;1;39mCreate Static Device Nodes in /dev[0m...
[[0;32m  OK  [0m] Finished [0;1;39mCreate Static Device Nodes in /dev[0m.
[[0;32m  OK  [0m] Reached target [0;1;39mPreparation for Local File Systems[0m.
         Mounting [0;1;39m/var/volatile[0m...
[    3.837827] audit: type=1334 audit(1709054765.792:5): prog-id=9 op=LOAD
[    3.844542] audit: type=1334 audit(1709054765.800:6): prog-id=10 op=LOAD
         Starting [0;1;39mRule-based Manager for Device Events and Files[0m...
[[0;32m  OK  [0m] Mounted [0;1;39m/var/volatile[0m.
         Starting [0;1;39mLoad/Save OS Random Seed[0m...
[[0;32m  OK  [0m] Started [0;1;39mRule-based Manager for Device Events and Files[0m.
         Starting [0;1;39mVirtual Console Setup[0m...
[[0;32m  OK  [0m] Finished [0;1;39mVirtual Console Setup[0m.
[    5.963942] random: crng init done
[[0;32m  OK  [0m] Finished [0;1;39mLoad/Save OS Random Seed[0m.
[[0m[0;31m*     [0m] A start job is running for /dev/mmcblk0p3 (5s / 30s)
M[K[[0;1;31m*[0m[0;31m*    [0m] A start job is running for /dev/mmcblk0p3 (6s / 30s)
M[K[[0;31m*[0;1;31m*[0m[0;31m*   [0m] A start job is running for /dev/mmcblk0p3 (7s / 30s)
M[K[ [0;31m*[0;1;31m*[0m[0;31m*  [0m] A start job is running for /dev/mmcblk0p3 (7s / 30s)
M[K[  [0;31m*[0;1;31m*[0m[0;31m* [0m] A start job is running for /dev/mmcblk0p3 (8s / 30s)
M[K[   [0;31m*[0;1;31m*[0m[0;31m*[0m] A start job is running for /dev/mmcblk0p3 (8s / 30s)
M[K[    [0;31m*[0;1;31m*[0m] A start job is running for /dev/mmcblk0p3 (9s / 30s)
[   12.192427] spi spi1.0: deferred probe pending
[   12.196899] spi spi1.1: deferred probe pending
[   12.201369] platform leds: deferred probe pending
M[K[     [0;31m*[0m] A start job is running for /dev/mmcblk0p3 (10s / 30s)
M[K[    [0;31m*[0;1;31m*[0m] A start job is running for /dev/mmcblk0p3 (10s / 30s)
M[K[   [0;31m*[0;1;31m*[0m[0;31m*[0m] A start job is running for /dev/mmcblk0p3 (11s / 30s)
M[K[  [0;31m*[0;1;31m*[0m[0;31m* [0m] A start job is running for /dev/mmcblk0p3 (11s / 30s)
M[K[ [0;31m*[0;1;31m*[0m[0;31m*  [0m] A start job is running for /dev/mmcblk0p3 (12s / 30s)
M[K[[0;31m*[0;1;31m*[0m[0;31m*   [0m] A start job is running for /dev/mmcblk0p3 (12s / 30s)
M[K[[0;1;31m*[0m[0;31m*    [0m] A start job is running for /dev/mmcblk0p3 (13s / 30s)
M[K[[0m[0;31m*     [0m] A start job is running for /dev/mmcblk0p3 (14s / 30s)
M[K[[0;1;31m*[0m[0;31m*    [0m] A start job is running for /dev/mmcblk0p3 (14s / 30s)
M[K[[0;31m*[0;1;31m*[0m[0;31m*   [0m] A start job is running for /dev/mmcblk0p3 (15s / 30s)
M[K[ [0;31m*[0;1;31m*[0m[0;31m*  [0m] A start job is running for /dev/mmcblk0p3 (15s / 30s)
M[K[  [0;31m*[0;1;31m*[0m[0;31m* [0m] A start job is running for /dev/mmcblk0p3 (16s / 30s)
M[K[   [0;31m*[0;1;31m*[0m[0;31m*[0m] A start job is running for /dev/mmcblk0p3 (16s / 30s)
M[K[    [0;31m*[0;1;31m*[0m] A start job is running for /dev/mmcblk0p3 (17s / 30s)
M[K[     [0;31m*[0m] A start job is running for /dev/mmcblk0p3 (17s / 30s)
M[K[    [0;31m*[0;1;31m*[0m] A start job is running for /dev/mmcblk0p3 (18s / 30s)
M[K[   [0;31m*[0;1;31m*[0m[0;31m*[0m] A start job is running for /dev/mmcblk0p3 (18s / 30s)
M[K[  [0;31m*[0;1;31m*[0m[0;31m* [0m] A start job is running for /dev/mmcblk0p3 (19s / 30s)
M[K[ [0;31m*[0;1;31m*[0m[0;31m*  [0m] A start job is running for /dev/mmcblk0p3 (19s / 30s)
M[K[[0;31m*[0;1;31m*[0m[0;31m*   [0m] A start job is running for /dev/mmcblk0p3 (20s / 30s)
M[K[[0;1;31m*[0m[0;31m*    [0m] A start job is running for /dev/mmcblk0p3 (20s / 30s)
M[K[[0m[0;31m*     [0m] A start job is running for /dev/mmcblk0p3 (21s / 30s)
M[K[[0;1;31m*[0m[0;31m*    [0m] A start job is running for /dev/mmcblk0p3 (21s / 30s)
M[K[[0;31m*[0;1;31m*[0m[0;31m*   [0m] A start job is running for /dev/mmcblk0p3 (22s / 30s)
M[K[ [0;31m*[0;1;31m*[0m[0;31m*  [0m] A start job is running for /dev/mmcblk0p3 (22s / 30s)
M[K[  [0;31m*[0;1;31m*[0m[0;31m* [0m] A start job is running for /dev/mmcblk0p3 (23s / 30s)
M[K[   [0;31m*[0;1;31m*[0m[0;31m*[0m] A start job is running for /dev/mmcblk0p3 (23s / 30s)
M[K[    [0;31m*[0;1;31m*[0m] A start job is running for /dev/mmcblk0p3 (24s / 30s)
M[K[     [0;31m*[0m] A start job is running for /dev/mmcblk0p3 (24s / 30s)
M[K[    [0;31m*[0;1;31m*[0m] A start job is running for /dev/mmcblk0p3 (25s / 30s)
M[K[   [0;31m*[0;1;31m*[0m[0;31m*[0m] A start job is running for /dev/mmcblk0p3 (25s / 30s)
M[K[  [0;31m*[0;1;31m*[0m[0;31m* [0m] A start job is running for /dev/mmcblk0p3 (26s / 30s)
M[K[ [0;31m*[0;1;31m*[0m[0;31m*  [0m] A start job is running for /dev/mmcblk0p3 (26s / 30s)
M[K[[0;31m*[0;1;31m*[0m[0;31m*   [0m] A start job is running for /dev/mmcblk0p3 (27s / 30s)
M[K[[0;1;31m*[0m[0;31m*    [0m] A start job is running for /dev/mmcblk0p3 (27s / 30s)
M[K[[0m[0;31m*     [0m] A start job is running for /dev/mmcblk0p3 (28s / 30s)
M[K[[0;1;31m*[0m[0;31m*    [0m] A start job is running for /dev/mmcblk0p3 (28s / 30s)
M[K[[0;31m*[0;1;31m*[0m[0;31m*   [0m] A start job is running for /dev/mmcblk0p3 (29s / 30s)
M[K[ [0;31m*[0;1;31m*[0m[0;31m*  [0m] A start job is running for /dev/mmcblk0p3 (29s / 30s)
M[K[[0;1;31m TIME [0m] Timed out waiting for device [0;1;39m/dev/mmcblk0p3[0m.
[K[[0;1;38;5;185mDEPEND[0m] Dependency failed for [0;1;39m/media/data[0m.
[[0;1;38;5;185mDEPEND[0m] Dependency failed for [0;1;39mLocal File Systems[0m.
[[0;1;38;5;185mDEPEND[0m] Dependency failed for [0;1;39m/home[0m.
[[0;1;38;5;185mDEPEND[0m] Dependency failed for [0;1;39m/srv[0m.
[[0;1;38;5;185mDEPEND[0m] Dependency failed for [0;1;39m/root[0m.
[[0;32m  OK  [0m] Stopped [0;1;39mDispatch Password Requests to Console Directory Watch[0m.
[[0;32m  OK  [0m] Stopped [0;1;39mForward Password Requests to Wall Directory Watch[0m.
[[0;32m  OK  [0m] Reached target [0;1;39mTimer Units[0m.
[[0;32m  OK  [0m] Closed [0;1;39mSyslog Socket[0m.
[[0;32m  OK  [0m] Reached target [0;1;39mLogin Prompts[0m.
[[0;32m  OK  [0m] Reached target [0;1;39mSocket Units[0m.
[[0;32m  OK  [0m] Started [0;1;39mEmergency Shell[0m.
[[0;32m  OK  [0m] Reached target [0;1;39mEmergency Mode[0m.
         Starting [0;1;39mRebuild Dynamic Linker Cache[0m...
         Starting [0;1;39mCreate Volatile Files and Directories[0m...
[[0;32m  OK  [0m] Finished [0;1;39mRebuild Dynamic Linker Cache[0m.
[[0;32m  OK  [0m] Finished [0;1;39mCreate Volatile Files and Directories[0m.
         Starting [0;1;39mRebuild Journal Catalog[0m...
[   33.081663] audit: type=1334 audit(1709054795.036:7): prog-id=11 op=LOAD
         Starting [0;1;39mNetwork Name Resolution[0m...
[   33.109680] audit: type=1334 audit(1709054795.064:8): prog-id=12 op=LOAD
         Starting [0;1;39mNetwork Time Synchronization[0m...
         Starting [0;1;39mRecord System Boot/Shutdown in UTMP[0m...
[[0;32m  OK  [0m] Finished [0;1;39mRebuild Journal Catalog[0m.
[[0;32m  OK  [0m] Finished [0;1;39mRecord System Boot/Shutdown in UTMP[0m.
         Starting [0;1;39mUpdate is Completed[0m...
         Starting [0;1;39mRecord Runlevel Change in UTMP[0m...
[[0;32m  OK  [0m] Finished [0;1;39mUpdate is Completed[0m.
[[0;32m  OK  [0m] Started [0;1;39mNetwork Time Synchronization[0m.
[[0;32m  OK  [0m] Started [0;1;39mNetwork Name Resolution[0m.
[[0;32m  OK  [0m] Reached target [0;1;39mHost and Network Name Lookups[0m.
[[0;32m  OK  [0m] Reached target [0;1;39mSystem Time Set[0m.
[[0;32m  OK  [0m] Finished [0;1;39mRecord Runlevel Change in UTMP[0m.
You are in emergency mode. After logging in, typPress Enter for maintenance
(or press Control-D to continue): 
[TX] 

sh-5.2# 
[TX] ifconfig eth0 10.10.10.2

[TX] ping 10.10.10.1 -c1
ifconfig eth0 10.10.10.2
sh-5.2# ping 10.10.10.1 -c1
PING 10.10.10.1 (10.10.10.1): 56 data bytes
64 bytes from 10.10.10.1: seq=0 ttl=64 time=0.778 ms

--- 10.10.10.1 ping statistics ---
1 packets transmitted, 1 packets received, 0% packet loss
round-trip min/avg/max = 0.778/0.778/0.778 ms
sh-5.2# 