
NOTICE:  8 GB DDR4, 64-bit, CL=15, ECC on
NOTICE:  BL2: v2.10.0	(release):lf-6.6.52-2.2.0-dirty
NOTICE:  BL2: Built : 08:52:12, Nov  4 2024
NOTICE:  BL2: Booting BL31
NOTICE:  BL31: v2.10.0	(release):lf-6.6.52-2.2.0-dirty
NOTICE:  BL31: Built : 08:52:12, Nov  4 2024
NOTICE:  Welcome to ls1046afrwy BL31 Phase


U-Boot 2024.04+fsl+g6c4545203d1+p0 (Nov 15 2024 - 04:02:13 +0000)

SoC:  LS1046A Rev1.0 (0x87070110)
Clock Configuration:
       CPU0(A72):1600 MHz  CPU1(A72):1600 MHz  CPU2(A72):1600 MHz  
       CPU3(A72):1600 MHz  
       Bus:      600  MHz  DDR:      2100 MT/s  FMAN:     700  MHz
Reset Configuration Word (RCW):
       00000000: 0c150010 0e000000 00000000 00000000
       00000010: 13330000 40300012 40025000 c1000000
       00000020: 00000000 00000000 00000000 00038878
       00000030: 20044100 24061000 00000096 00000001
Model: LS1046A FRWY Board
Board: LS1046AFRWY, Rev: B, boot from QSPI
SD1_CLK1 = 100.00MHZ, SD1_CLK2 = 100.00MHZ
DRAM:  7.9 GiB (DDR4, 64-bit, CL=15, ECC on)
Core:  41 devices, 17 uclasses, devicetree: separate
WDT:   Started watchdog with servicing every 30000ms (127s timeout)
Using SERDES1 Protocol: 4915 (0x1333)
Using SERDES2 Protocol: 0 (0x0)
SERDES2[PRTCL] = 0x0 is not valid
MMC:   FSL_SDHC: 0
Loading Environment from SPIFlash... SF: Detected mt25qu512a with page size 256 Bytes, erase size 64 KiB, total 64 MiB
OK
EEPROM: CCID
In:    serial@21c0500
Out:   serial@21c0500
Err:   serial@21c0500
SEC0:  RNG instantiated
CLU: DEV1: design_id change [5395ABP1] -> [DV1_V3.3]
CLU: DEV1: design: [DV1_V3.3] | PLL Status - Locked
CLU: DEV2: design_id change [5395ABP1] -> [DV2_V3.3]
CLU: DEV2: design: [DV2_V3.3] | PLL Status - Locked
Switch configured
FPGA configured
Warning: system will reset now for reconfiguration

NOTICE:  8 GB DDR4, 64-bit, CL=15, ECC on
NOTICE:  BL2: v2.10.0	(release):lf-6.6.52-2.2.0-dirty
NOTICE:  BL2: Built : 08:52:12, Nov  4 2024
NOTICE:  BL2: Booting BL31
NOTICE:  BL31: v2.10.0	(release):lf-6.6.52-2.2.0-dirty
NOTICE:  BL31: Built : 08:52:12, Nov  4 2024
NOTICE:  Welcome to ls1046afrwy BL31 Phase


U-Boot 2024.04+fsl+g6c4545203d1+p0 (Nov 15 2024 - 04:02:13 +0000)

SoC:  LS1046A Rev1.0 (0x87070110)
Clock Configuration:
       CPU0(A72):1600 MHz  CPU1(A72):1600 MHz  CPU2(A72):1600 MHz  
       CPU3(A72):1600 MHz  
       Bus:      600  MHz  DDR:      2100 MT/s  FMAN:     700  MHz
Reset Configuration Word (RCW):
       00000000: 0c150010 0e000000 00000000 00000000
       00000010: 13330000 40300012 40025000 c1000000
       00000020: 00000000 00000000 00000000 00038878
       00000030: 20044100 24061000 00000096 00000001
Model: LS1046A FRWY Board
Board: LS1046AFRWY, Rev: B, boot from QSPI
SD1_CLK1 = 100.00MHZ, SD1_CLK2 = 100.00MHZ
DRAM:  7.9 GiB (DDR4, 64-bit, CL=15, ECC on)
Core:  41 devices, 17 uclasses, devicetree: separate
WDT:   Started watchdog with servicing every 30000ms (127s timeout)
Using SERDES1 Protocol: 4915 (0x1333)
Using SERDES2 Protocol: 0 (0x0)
SERDES2[PRTCL] = 0x0 is not valid
MMC:   FSL_SDHC: 0
Loading Environment from SPIFlash... SF: Detected mt25qu512a with page size 256 Bytes, erase size 64 KiB, total 64 MiB
OK
EEPROM: CCID
In:    serial@21c0500
Out:   serial@21c0500
Err:   serial@21c0500
SEC0:  RNG instantiated
CLU: DEV1: design: [DV1_V3.3] | PLL Status - Locked
CLU: DEV2: design: [DV2_V3.3] | PLL Status - Locked
Switch ready
FPGA ready
Net:   Fman1: Uploading microcode version 106.4.18
eth0: fm1-mac5
Hit any key to stop autoboot:  5 
[TX] 
 0 
=> 
[TX] 

=> 
[TX] gpio clear 27
gpio clear 27
gpio: pin 27 (gpio 27) value is 0
=> 
[TX] mac read
mac read
=> 
[TX] mac id
mac id
=> 
[TX] mac ports 4
mac ports 4
=> 
[TX] mac 0 70:B3:D5:97:07:D8
mac 0 70:B3:D5:97:07:D8
=> 
[TX] mac 1 00:04:9F:08:44:A2
mac 1 00:04:9F:08:44:A2
=> 
[TX] mac 2 00:04:9F:08:44:A3
mac 2 00:04:9F:08:44:A3
=> 
[TX] mac 3 00:04:9F:08:44:A4
mac 3 00:04:9F:08:44:A4
=> 
[TX] mac save
mac save
Programming passed.
=> 
NOTICE:  8 GB DDR4, 64-bit, CL=15, ECC on
NOTICE:  BL2: v2.10.0	(release):lf-6.6.52-2.2.0-dirty
NOTICE:  BL2: Built : 08:52:12, Nov  4 2024
NOTICE:  BL2: Booting BL31
NOTICE:  BL31: v2.10.0	(release):lf-6.6.52-2.2.0-dirty
NOTICE:  BL31: Built : 08:52:12, Nov  4 2024
NOTICE:  Welcome to ls1046afrwy BL31 Phase


U-Boot 2024.04+fsl+g6c4545203d1+p0 (Nov 15 2024 - 04:02:13 +0000)

SoC:  LS1046A Rev1.0 (0x87070110)
Clock Configuration:
       CPU0(A72):1600 MHz  CPU1(A72):1600 MHz  CPU2(A72):1600 MHz  
       CPU3(A72):1600 MHz  
       Bus:      600  MHz  DDR:      2100 MT/s  FMAN:     700  MHz
Reset Configuration Word (RCW):
       00000000: 0c150010 0e000000 00000000 00000000
       00000010: 13330000 40300012 40025000 c1000000
       00000020: 00000000 00000000 00000000 00038878
       00000030: 20044100 24061000 00000096 00000001
Model: LS1046A FRWY Board
Board: LS1046AFRWY, Rev: B, boot from QSPI
SD1_CLK1 = 100.00MHZ, SD1_CLK2 = 100.00MHZ
DRAM:  7.9 GiB (DDR4, 64-bit, CL=15, ECC on)
Core:  41 devices, 17 uclasses, devicetree: separate
WDT:   Started watchdog with servicing every 30000ms (127s timeout)
Using SERDES1 Protocol: 4915 (0x1333)
Using SERDES2 Protocol: 0 (0x0)
SERDES2[PRTCL] = 0x0 is not valid
MMC:   FSL_SDHC: 0
Loading Environment from SPIFlash... SF: Detected mt25qu512a with page size 256 Bytes, erase size 64 KiB, total 64 MiB
OK
EEPROM: CCID
In:    serial@21c0500
Out:   serial@21c0500
Err:   serial@21c0500
SEC0:  RNG instantiated
CLU: DEV1: design: [DV1_V3.3] | PLL Status - Locked
CLU: DEV2: design: [DV2_V3.3] | PLL Status - Locked
Switch ready
FPGA ready
Net:   Fman1: Uploading microcode version 106.4.18
eth0: fm1-mac5
Hit any key to stop autoboot:  5  4  3  2  1  0 
switch to partitions #0, OK
mmc0(part 0) is current device
** No partition table - mmc 0 **
Couldn't find partition mmc 0:1
** No partition table - mmc 0 **
Couldn't find partition mmc 0:1
Trying load from qspi..
SF: Detected mt25qu512a with page size 256 Bytes, erase size 64 KiB, total 64 MiB
device 0 offset 0x1000000, size 0x2800000
SF: 41943040 bytes @ 0x1000000 Read: OK
## Loading kernel from FIT Image at a0000000 ...
   Using 'ls1046afrwy' configuration
   Trying 'kernel' kernel subimage
     Description:  ARM64 Kernel
     Type:         Kernel Image
     Compression:  gzip compressed
     Data Start:   0xa00000d0
     Data Size:    7395271 Bytes = 7.1 MiB
     Architecture: AArch64
     OS:           Linux
     Load Address: 0x84080000
     Entry Point:  0x84080000
     Hash algo:    crc32
     Hash value:   635c6092
   Verifying Hash Integrity ... crc32+ OK
## Loading ramdisk from FIT Image at a0000000 ...
   Using 'ls1046afrwy' configuration
   Trying 'initrd' ramdisk subimage
     Description:  initrd for arm64
     Type:         RAMDisk Image
     Compression:  uncompressed
     Data Start:   0xa070d978
     Data Size:    31741048 Bytes = 30.3 MiB
     Architecture: AArch64
     OS:           Linux
     Load Address: 0x00000000
     Entry Point:  0x00000000
     Hash algo:    crc32
     Hash value:   cec677c7
   Verifying Hash Integrity ... crc32+ OK
## Loading fdt from FIT Image at a0000000 ...
   Using 'ls1046afrwy' configuration
   Trying 'fdt-dtb' fdt subimage
     Description:  nxp-dtb
     Type:         Flat Device Tree
     Compression:  uncompressed
     Data Start:   0xa2552ec4
     Data Size:    40761 Bytes = 39.8 KiB
     Architecture: AArch64
     Load Address: 0x90000000
     Hash algo:    crc32
     Hash value:   0a4f049c
   Verifying Hash Integrity ... crc32+ OK
   Loading fdt from 0xa2552ec4 to 0x90000000
   Booting using the fdt blob at 0x90000000
Working FDT set to 90000000
   Uncompressing Kernel Image to 84080000
Moving Image from 0x84080000 to 0x84200000, end=85390000
   Loading Ramdisk to 8e1ba000, end 8ffff478 ... OK
   Loading Device Tree to 000000008e19d000, end 000000008e1b9f38 ... OK
Working FDT set to 8e19d000
NOTICE:  SEC is disabled.
WARNING: No random number to set kaslr-seed
WARNING failed to get smmu node: FDT_ERR_NOTFOUND
WARNING failed to get smmu node: FDT_ERR_NOTFOUND

Starting kernel ...

[    0.000000] Booting Linux on physical CPU 0x0000000000 [0x410fd082]
[    0.000000] Linux version 6.6.52-ge0f9e2afd4cf-dirty (oe-user@oe-host) (aarch64-fsl-linux-gcc (GCC) 13.3.0, GNU ld (GNU Binutils) 2.42.0.20240723) #1 SMP PREEMPT Tue Nov 19 23:01:49 UTC 2024
[    0.000000] KASLR disabled due to lack of seed
[    0.000000] Machine model: LS1046A FRWY Board
[    0.000000] earlycon: uart8250 at MMIO 0x00000000021c0500 (options '')
[    0.000000] printk: bootconsole [uart8250] enabled
[    0.000000] OF: reserved mem: initialized node qman-pfdr, compatible id fsl,qman-pfdr
[    0.000000] OF: reserved mem: 0x00000009fc000000..0x00000009fdffffff (32768 KiB) nomap non-reusable qman-pfdr
[    0.000000] OF: reserved mem: initialized node qman-fqd, compatible id fsl,qman-fqd
[    0.000000] OF: reserved mem: 0x00000009fe800000..0x00000009feffffff (8192 KiB) nomap non-reusable qman-fqd
[    0.000000] OF: reserved mem: initialized node bman-fbpr, compatible id fsl,bman-fbpr
[    0.000000] OF: reserved mem: 0x00000009ff000000..0x00000009ffffffff (16384 KiB) nomap non-reusable bman-fbpr
[    0.000000] Zone ranges:
[    0.000000]   DMA      [mem 0x0000000080000000-0x00000000ffffffff]
[    0.000000]   DMA32    empty
[    0.000000]   Normal   [mem 0x0000000100000000-0x00000009ffffffff]
[    0.000000] Movable zone start for each node
[    0.000000] Early memory node ranges
[    0.000000]   node   0: [mem 0x0000000080000000-0x00000000fbdfffff]
[    0.000000]   node   0: [mem 0x0000000880000000-0x00000009fbffffff]
[    0.000000]   node   0: [mem 0x00000009fc000000-0x00000009fdffffff]
[    0.000000]   node   0: [mem 0x00000009fe000000-0x00000009fe7fffff]
[    0.000000]   node   0: [mem 0x00000009fe800000-0x00000009ffffffff]
[    0.000000] Initmem setup node 0 [mem 0x0000000080000000-0x00000009ffffffff]
[    0.000000] On node 0, zone Normal: 16896 pages in unavailable ranges
[    0.000000] cma: Reserved 32 MiB at 0x00000000f9e00000 on node -1
[    0.000000] psci: probing for conduit method from DT.
[    0.000000] psci: PSCIv1.1 detected in firmware.
[    0.000000] psci: Using standard PSCI v0.2 function IDs
[    0.000000] psci: MIGRATE_INFO_TYPE not supported.
[    0.000000] psci: SMC Calling Convention v1.4
[    0.000000] percpu: Embedded 20 pages/cpu s44264 r8192 d29464 u81920
[    0.000000] Detected PIPT I-cache on CPU0
[    0.000000] CPU features: detected: Spectre-v2
[    0.000000] CPU features: detected: Spectre-v3a
[    0.000000] CPU features: detected: Spectre-BHB
[    0.000000] CPU features: detected: ARM erratum 1742098
[    0.000000] CPU features: detected: ARM errata 1165522, 1319367, or 1530923
[    0.000000] alternatives: applying boot alternatives
[    0.000000] Kernel command line: console=ttyS0,115200 root=/dev/ram0 earlycon=uart8250,mmio,0x21c0500 mtdparts=1550000.spi:1m(rcw),15m(u-boot),48m(kernel.itb);7e800000.flash:16m(nand_uboot),48m(nand_kernel),448m(nand_free)
[    0.000000] Dentry cache hash table entries: 1048576 (order: 11, 8388608 bytes, linear)
[    0.000000] Inode-cache hash table entries: 524288 (order: 10, 4194304 bytes, linear)
[    0.000000] Built 1 zonelists, mobility grouping on.  Total pages: 2047488
[    0.000000] mem auto-init: stack:all(zero), heap alloc:off, heap free:off
[    0.000000] software IO TLB: area num 4.
[    0.000000] software IO TLB: mapped [mem 0x00000000f5e00000-0x00000000f9e00000] (64MB)
[    0.000000] Memory: 7955424K/8321024K available (10752K kernel code, 978K rwdata, 3184K rodata, 1920K init, 949K bss, 332832K reserved, 32768K cma-reserved)
[    0.000000] SLUB: HWalign=64, Order=0-3, MinObjects=0, CPUs=4, Nodes=1
[    0.000000] rcu: Preemptible hierarchical RCU implementation.
[    0.000000] rcu: 	RCU event tracing is enabled.
[    0.000000] rcu: 	RCU restricting CPUs from NR_CPUS=16 to nr_cpu_ids=4.
[    0.000000] 	Trampoline variant of Tasks RCU enabled.
[    0.000000] 	Tracing variant of Tasks RCU enabled.
[    0.000000] rcu: RCU calculated value of scheduler-enlistment delay is 25 jiffies.
[    0.000000] rcu: Adjusting geometry for rcu_fanout_leaf=16, nr_cpu_ids=4
[    0.000000] NR_IRQS: 64, nr_irqs: 64, preallocated irqs: 0
[    0.000000] GIC: Adjusting CPU interface base to 0x000000000142f000
[    0.000000] Root IRQ handler: gic_handle_irq
[    0.000000] GIC: Using split EOI/Deactivate mode
[    0.000000] rcu: srcu_init: Setting srcu_struct sizes based on contention.
[    0.000000] arch_timer: cp15 timer(s) running at 25.00MHz (phys).
[    0.000000] clocksource: arch_sys_counter: mask: 0xffffffffffffff max_cycles: 0x5c40939b5, max_idle_ns: 440795202646 ns
[    0.000000] sched_clock: 56 bits at 25MHz, resolution 40ns, wraps every 4398046511100ns
[    0.008218] Console: colour dummy device 80x25
[    0.012709] Calibrating delay loop (skipped), value calculated using timer frequency.. 50.00 BogoMIPS (lpj=100000)
[    0.023130] pid_max: default: 32768 minimum: 301
[    0.027814] LSM: initializing lsm=capability,integrity
[    0.033043] Mount-cache hash table entries: 16384 (order: 5, 131072 bytes, linear)
[    0.040680] Mountpoint-cache hash table entries: 16384 (order: 5, 131072 bytes, linear)
[    0.049570] RCU Tasks: Setting shift to 2 and lim to 1 rcu_task_cb_adjust=1.
[    0.056709] RCU Tasks Trace: Setting shift to 2 and lim to 1 rcu_task_cb_adjust=1.
[    0.064431] rcu: Hierarchical SRCU implementation.
[    0.069253] rcu: 	Max phase no-delay instances is 1000.
[    0.074889] smp: Bringing up secondary CPUs ...
[    0.079736] Detected PIPT I-cache on CPU1
[    0.079777] CPU1: Booted secondary processor 0x0000000001 [0x410fd082]
[    0.080088] Detected PIPT I-cache on CPU2
[    0.080121] CPU2: Booted secondary processor 0x0000000002 [0x410fd082]
[    0.080409] Detected PIPT I-cache on CPU3
[    0.080442] CPU3: Booted secondary processor 0x0000000003 [0x410fd082]
[    0.080475] smp: Brought up 1 node, 4 CPUs
[    0.116379] SMP: Total of 4 processors activated.
[    0.121111] CPU features: detected: 32-bit EL0 Support
[    0.126278] CPU features: detected: CRC32 instructions
[    0.131487] CPU: All CPU(s) started at EL2
[    0.135606] alternatives: applying system-wide alternatives
[    0.141955] devtmpfs: initialized
[    0.148211] clocksource: jiffies: mask: 0xffffffff max_cycles: 0xffffffff, max_idle_ns: 7645041785100000 ns
[    0.158025] futex hash table entries: 1024 (order: 4, 65536 bytes, linear)
[    0.165306] pinctrl core: initialized pinctrl subsystem
[    0.170838] Machine: LS1046A FRWY Board
[    0.174696] SoC family: QorIQ LS1046A
[    0.178373] SoC ID: svr:0x87070110, Revision: 1.0
[    0.183527] NET: Registered PF_NETLINK/PF_ROUTE protocol family
[    0.189925] DMA: preallocated 1024 KiB GFP_KERNEL pool for atomic allocations
[    0.197284] DMA: preallocated 1024 KiB GFP_KERNEL|GFP_DMA pool for atomic allocations
[    0.205373] DMA: preallocated 1024 KiB GFP_KERNEL|GFP_DMA32 pool for atomic allocations
[    0.213452] audit: initializing netlink subsys (disabled)
[    0.218954] audit: type=2000 audit(0.140:1): state=initialized audit_enabled=0 res=1
[    0.219127] thermal_sys: Registered thermal governor 'step_wise'
[    0.226754] thermal_sys: Registered thermal governor 'power_allocator'
[    0.232811] cpuidle: using governor menu
[    0.243346] Bman ver:0a02,02,01
[    0.247907] qman-fqd addr 0x00000009fe800000 size 0x800000
[    0.253428] qman-pfdr addr 0x00000009fc000000 size 0x2000000
[    0.259123] Qman ver:0a01,03,02,01
[    0.262604] hw-breakpoint: found 6 breakpoint and 4 watchpoint registers.
[    0.269475] ASID allocator initialised with 65536 entries
[    0.275003] Serial: AMBA PL011 UART driver
[    0.289728] Modules: 28272 pages in range for non-PLT usage
[    0.289732] Modules: 519792 pages in range for PLT usage
[    0.295661] HugeTLB: registered 1.00 GiB page size, pre-allocated 0 pages
[    0.307843] HugeTLB: 0 KiB vmemmap can be freed for a 1.00 GiB page
[    0.314150] HugeTLB: registered 32.0 MiB page size, pre-allocated 0 pages
[    0.320980] HugeTLB: 0 KiB vmemmap can be freed for a 32.0 MiB page
[    0.327285] HugeTLB: registered 2.00 MiB page size, pre-allocated 0 pages
[    0.334115] HugeTLB: 0 KiB vmemmap can be freed for a 2.00 MiB page
[    0.340420] HugeTLB: registered 64.0 KiB page size, pre-allocated 0 pages
[    0.347250] HugeTLB: 0 KiB vmemmap can be freed for a 64.0 KiB page
[    0.355132] iommu: Default domain type: Passthrough
[    0.360398] imx-i2c 2180000.i2c: scl-gpios not found
[    0.365413] imx-i2c 2180000.i2c: using dma0chan16 (tx) and dma0chan17 (rx) for DMA transfers
[    0.374058] i2c i2c-0: IMX I2C adapter registered
[    0.379003] imx-i2c 21a0000.i2c: using dma0chan18 (tx) and dma0chan19 (rx) for DMA transfers
[    0.387580] i2c i2c-1: IMX I2C adapter registered
[    0.392447] imx-i2c 21b0000.i2c: using dma0chan20 (tx) and dma0chan21 (rx) for DMA transfers
[    0.400984] i2c i2c-2: IMX I2C adapter registered
[    0.405900] pps_core: LinuxPPS API ver. 1 registered
[    0.410895] pps_core: Software ver. 5.3.6 - Copyright 2005-2007 Rodolfo Giometti <giometti@linux.it>
[    0.420092] PTP clock support registered
[    0.424051] EDAC MC: Ver: 3.0.0
[    0.427430] scmi_core: SCMI protocol bus registered
[    0.432354] bman-fbpr addr 0x00000009ff000000 size 0x1000000
[    0.438091] Bman err interrupt handler present
[    0.443130] Bman portal initialised, cpu 0
[    0.447299] Bman portal initialised, cpu 1
[    0.451461] Bman portal initialised, cpu 2
[    0.455623] Bman portal initialised, cpu 3
[    0.459743] Bman portals initialised
[    0.468801] Qman err interrupt handler present
[    0.473663] QMan: Allocated lookup table at (____ptrval____), entry count 131073
[    0.481627] QMan doesn't need cleanup, uninhibiting IRQs
[    0.486973] Qman portal initialised, cpu 0
[    0.491127] QMan doesn't need cleanup, uninhibiting IRQs
[    0.496472] Qman portal initialised, cpu 1
[    0.500627] QMan doesn't need cleanup, uninhibiting IRQs
[    0.505971] Qman portal initialised, cpu 2
[    0.510127] QMan doesn't need cleanup, uninhibiting IRQs
[    0.515471] Qman portal initialised, cpu 3
[    0.519589] Qman portals initialised
[    0.523233] Bman: BPID allocator includes range 32:32
[    0.528349] Qman: FQID allocator includes range 256:256
[    0.533605] Qman: FQID allocator includes range 32768:32768
[    0.539247] Qman: CGRID allocator includes range 0:256
[    0.544558] Qman: pool channel allocator includes range 1025:15
[    0.550580] No USDPAA memory, no 'fsl,usdpaa-mem' in device-tree
[    0.556744] fsl-ifc 1530000.memory-controller: Freescale Integrated Flash Controller
[    0.564558] fsl-ifc 1530000.memory-controller: IFC version 1.4, 8 banks
[    0.571934] clocksource: Switched to clocksource arch_sys_counter
[    0.581756] NET: Registered PF_INET protocol family
[    0.586845] IP idents hash table entries: 131072 (order: 8, 1048576 bytes, linear)
[    0.597607] tcp_listen_portaddr_hash hash table entries: 4096 (order: 4, 65536 bytes, linear)
[    0.606248] Table-perturb hash table entries: 65536 (order: 6, 262144 bytes, linear)
[    0.614051] TCP established hash table entries: 65536 (order: 7, 524288 bytes, linear)
[    0.622282] TCP bind hash table entries: 65536 (order: 9, 2097152 bytes, linear)
[    0.630751] TCP: Hash tables configured (established 65536 bind 65536)
[    0.637406] UDP hash table entries: 4096 (order: 5, 131072 bytes, linear)
[    0.644355] UDP-Lite hash table entries: 4096 (order: 5, 131072 bytes, linear)
[    0.651803] NET: Registered PF_UNIX/PF_LOCAL protocol family
[    0.657519] NET: Registered PF_XDP protocol family
[    0.662457] Trying to unpack rootfs image as initramfs...
[    0.668430] Initialise system trusted keyrings
[    0.673069] workingset: timestamp_bits=46 max_order=21 bucket_order=0
[    0.696661] Key type asymmetric registered
[    0.700788] Asymmetric key parser 'x509' registered
[    0.705736] Block layer SCSI generic (bsg) driver version 0.4 loaded (major 246)
[    0.713735] lynx-10g 1ea0000.phy: PLLF: enabled, locked, reference clock 100MHz, clock net 5GHz
[    0.722504] lynx-10g 1ea0000.phy: 	Supported interfaces and link modes:
[    0.729166] lynx-10g 1ea0000.phy: 		sgmii
[    0.733199] lynx-10g 1ea0000.phy: 		1000base-x
[    0.737668] lynx-10g 1ea0000.phy: 		1000baseKX/Full
[    0.742574] lynx-10g 1ea0000.phy: 		qsgmii
[    0.746693] lynx-10g 1ea0000.phy: PLLS: enabled, locked, reference clock 156.25MHz, clock net 5.15625GHz
[    0.756236] lynx-10g 1ea0000.phy: 	Supported interfaces and link modes:
[    0.762892] lynx-10g 1ea0000.phy: 		10gbase-r
[    0.767275] lynx-10g 1ea0000.phy: 		10000baseKR/Full
[    0.775532] Serial: 8250/16550 driver, 4 ports, IRQ sharing enabled
[    0.782898] printk: console [ttyS0] disabled
[    0.787334] 21c0500.serial: ttyS0 at MMIO 0x21c0500 (irq = 44, base_baud = 18750000) is a 16550A
[    0.796208] printk: console [ttyS0] enabled
[    0.796208] printk: console [ttyS0] enabled
[    0.804601] printk: bootconsole [uart8250] disabled
[    0.804601] printk: bootconsole [uart8250] disabled
[    0.816450] 21c0600.serial: ttyS1 at MMIO 0x21c0600 (irq = 44, base_baud = 18750000) is a 16550A
[    0.825714] 21d0500.serial: ttyS2 at MMIO 0x21d0500 (irq = 45, base_baud = 18750000) is a 16550A
[    0.834992] 21d0600.serial: ttyS3 at MMIO 0x21d0600 (irq = 45, base_baud = 18750000) is a 16550A
[    0.847869] brd: module loaded
[    0.852667] loop: module loaded
[    0.857317] spi-nor spi0.0: mt25qu512a (65536 Kbytes)
[    0.862429] 3 cmdlinepart partitions found on MTD device 1550000.spi
[    0.868789] Creating 3 MTD partitions on "1550000.spi":
[    0.874015] 0x000000000000-0x000000100000 : "rcw"
[    0.879184] 0x000000100000-0x000001000000 : "u-boot"
[    0.884542] 0x000001000000-0x000004000000 : "kernel.itb"
[    0.890633] MACsec IEEE 802.1AE
[    0.893998] sfp sfp0: Host maximum power 1.0W
[    0.898654] sfp sfp0: No tx_disable pin: SFP modules will always be emitting.
[    0.906476] tun: Universal TUN/TAP device driver, 1.6
[    1.239214] sfp sfp0: module ATGBICS          ABCU-5731ARZ-C   rev E    sn ATCR2507240126   dc 250724  
[    1.616145] Freeing initrd memory: 30996K
[    1.656056] Freescale FM module, FMD API version 21.1.0
[    1.664091] Freescale FM Ports module
[    1.667751] fsl_mac: fsl_mac: FSL FMan MAC API based driver
[    1.676885] fsl_mac 1ae8000.ethernet: FMan MEMAC
[    1.681515] fsl_mac 1ae8000.ethernet: FMan MAC address: 70:b3:d5:97:07:d8
[    1.691568] fsl_mac 1aea000.ethernet: FMan MEMAC
[    1.696212] fsl_mac 1aea000.ethernet: FMan MAC address: 00:04:9f:08:44:a2
[    1.706286] fsl_mac 1af0000.ethernet: FMan MEMAC
[    1.710916] fsl_mac 1af0000.ethernet: FMan MAC address: 00:04:9f:08:44:a3
[    1.721046] fsl_mac 1af2000.ethernet: FMan MEMAC
[    1.725677] fsl_mac 1af2000.ethernet: FMan MAC address: 00:04:9f:08:44:a4
[    1.732541] fsl_dpa: FSL DPAA Ethernet driver
[    1.738492] fsl_dpa: fsl_dpa: Probed interface eth0
[    1.744826] fsl_dpa: fsl_dpa: Probed interface eth1
[    1.751276] fsl_dpa: fsl_dpa: Probed interface eth2
[    1.757823] fsl_dpa: fsl_dpa: Probed interface eth3
[    1.762754] fsl_advanced: FSL DPAA Advanced drivers:
[    1.767720] fsl_proxy: FSL DPAA Proxy initialization driver
[    1.773406] fsl_oh: FSL FMan Offline Parsing port driver
[    1.779699] i2c_dev: i2c /dev entries driver
[    1.784352] pca954x 0-0070: supply vdd not found, using dummy regulator
[    1.791815] i2c i2c-0: Added multiplexed i2c bus 3
[    1.796843] i2c i2c-0: Added multiplexed i2c bus 4
[    1.801875] i2c i2c-0: Added multiplexed i2c bus 5
[    1.806834] i2c i2c-0: Added multiplexed i2c bus 6
[    1.811879] i2c i2c-0: Added multiplexed i2c bus 7
[    1.816930] i2c i2c-0: Added multiplexed i2c bus 8
[    1.821974] i2c i2c-0: Added multiplexed i2c bus 9
[    1.827025] i2c i2c-0: Added multiplexed i2c bus 10
[    1.831911] pca954x 0-0070: registered 8 multiplexed busses for I2C mux pca9547
[    1.839559] ptp_qoriq: device tree node missing required elements, try automatic configuration
[    1.848280] pps pps0: new PPS source ptp0
[    1.864952] thermal thermal_zone3: failed to read out thermal zone (-61)
[    1.871668] qoriq-cpufreq qoriq-cpufreq: Freescale QorIQ CPU frequency scaling driver
[    1.879966] sdhci: Secure Digital Host Controller Interface driver
[    1.886151] sdhci: Copyright(c) Pierre Ossman
[    1.890525] sdhci-pltfm: SDHCI platform and OF driver helper
[    1.897144] ledtrig-cpu: registered to indicate activity on CPUs
[    1.903902] Freescale USDPAA process driver
[    1.908089] fsl-usdpaa: no region found
[    1.911919] Freescale USDPAA process IRQ driver
[    1.917019] hw perfevents: enabled with armv8_cortex_a72 PMU driver, 7 counters available
[    1.919947] mmc0: SDHCI controller on 1560000.esdhc [1560000.esdhc] using ADMA 64-bit
[    1.925722]  cs_system_cfg: CoreSight Configuration manager initialised
[    1.940272] NET: Registered PF_LLC protocol family
[    1.945089] u32 classifier
[    1.947790]     input device check on
[    1.951451]     Actions configured
[    1.955955] Initializing XFRM netlink socket
[    1.960242] NET: Registered PF_PACKET protocol family
[    1.965305] NET: Registered PF_KEY protocol family
[    1.970119] Bridge firewalling registered
[    1.974262] 8021q: 802.1Q VLAN Support v1.8
[    1.978519] Key type dns_resolver registered
[    1.978794] mmc0: new high speed MMC card at address 0001
[    1.985402] registered taskstats version 1
[    1.988497] mmcblk0: mmc0:0001 0IM20G 119 GiB
[    1.992371] Loading compiled-in X.509 certificates
[    1.997801] mmcblk0boot0: mmc0:0001 0IM20G 31.5 MiB
[    2.006767] mmcblk0boot1: mmc0:0001 0IM20G 31.5 MiB
[    2.006928] clk: Disabling unused clocks
[    2.011904] mmcblk0rpmb: mmc0:0001 0IM20G 4.00 MiB, chardev (240:0)
[    2.022568] Freeing unused kernel memory: 1920K
[    2.027204] Run /init as init process
[    2.041136] systemd[1]: System time before build time, advancing clock.
[    2.054270] systemd[1]: systemd 255.4^ running in system mode (+PAM -AUDIT -SELINUX -APPARMOR +IMA -SMACK +SECCOMP -GCRYPT -GNUTLS -OPENSSL +ACL +BLKID -CURL -ELFUTILS -FIDO2 -IDN2 -IDN -IPTC +KMOD -LIBCRYPTSETUP +LIBFDISK -PCRE2 -PWQUALITY -P11KIT -QRENCODE -TPM2 -BZIP2 -LZ4 -XZ -ZLIB +ZSTD -BPF_FRAMEWORK +XKBCOMMON +UTMP +SYSVINIT default-hierarchy=unified)
[    2.086132] systemd[1]: Detected architecture arm64.

Welcome to [1mSatixfy Landing Station Distro 5.0.4 (scarthgap)[0m!

[    2.108054] systemd[1]: Hostname set to <ls1046afrwy>.
[    2.113289] systemd[1]: Initializing machine ID from random generator.
[    2.274844] systemd[1]: Queued start job for default target Multi-User System.
[    2.309991] systemd[1]: Created slice Slice /system/getty.
[[0;32m  OK  [0m] Created slice [0;1;39mSlice /system/getty[0m.
[    2.332731] systemd[1]: Created slice Slice /system/modprobe.
[[0;32m  OK  [0m] Created slice [0;1;39mSlice /system/modprobe[0m.
[    2.357481] systemd[1]: Created slice Slice /system/serial-getty.
[[0;32m  OK  [0m] Created slice [0;1;39mSlice /system/serial-getty[0m.
[    2.381061] systemd[1]: Created slice User and Session Slice.
[[0;32m  OK  [0m] Created slice [0;1;39mUser and Session Slice[0m.
[    2.404301] systemd[1]: Started Dispatch Password Requests to Console Directory Watch.
[[0;32m  OK  [0m] Started [0;1;39mDispatch Password Requests to Console Directory Watch[0m.
[    2.432256] systemd[1]: Started Forward Password Requests to Wall Directory Watch.
[[0;32m  OK  [0m] Started [0;1;39mForward Password Requests to Wall Directory Watch[0m.
[    2.456106] systemd[1]: Expecting device /dev/mmcblk0p3...
         Expecting device [0;1;39m/dev/mmcblk0p3[0m...
[    2.476140] systemd[1]: Reached target Path Units.
[[0;32m  OK  [0m] Reached target [0;1;39mPath Units[0m.
[    2.496072] systemd[1]: Reached target Remote File Systems.
[[0;32m  OK  [0m] Reached target [0;1;39mRemote File Systems[0m.
[    2.516064] systemd[1]: Reached target Slice Units.
[[0;32m  OK  [0m] Reached target [0;1;39mSlice Units[0m.
[    2.536072] systemd[1]: Reached target Swaps.
[[0;32m  OK  [0m] Reached target [0;1;39mSwaps[0m.
[    2.556639] systemd[1]: Listening on Syslog Socket.
[[0;32m  OK  [0m] Listening on [0;1;39mSyslog Socket[0m.
[    2.576309] systemd[1]: Listening on initctl Compatibility Named Pipe.
[[0;32m  OK  [0m] Listening on [0;1;39minitctl Compatibility Named Pipe[0m.
[    2.600739] systemd[1]: Listening on Journal Audit Socket.
[[0;32m  OK  [0m] Listening on [0;1;39mJournal Audit Socket[0m.
[    2.624527] systemd[1]: Listening on Journal Socket (/dev/log).
[[0;32m  OK  [0m] Listening on [0;1;39mJournal Socket (/dev/log)[0m.
[    2.648607] systemd[1]: Listening on Journal Socket.
[[0;32m  OK  [0m] Listening on [0;1;39mJournal Socket[0m.
[    2.668641] systemd[1]: Listening on udev Control Socket.
[[0;32m  OK  [0m] Listening on [0;1;39mudev Control Socket[0m.
[    2.688443] systemd[1]: Listening on udev Kernel Socket.
[[0;32m  OK  [0m] Listening on [0;1;39mudev Kernel Socket[0m.
[    2.708486] systemd[1]: Listening on User Database Manager Socket.
[[0;32m  OK  [0m] Listening on [0;1;39mUser Database Manager Socket[0m.
[    2.752121] systemd[1]: Mounting Huge Pages File System...
         Mounting [0;1;39mHuge Pages File System[0m...
[    2.774827] systemd[1]: Mounting POSIX Message Queue File System...
         Mounting [0;1;39mPOSIX Message Queue File System[0m...
[    2.797830] systemd[1]: Mounting Kernel Debug File System...
         Mounting [0;1;39mKernel Debug File System[0m...
[    2.820254] systemd[1]: Kernel Trace File System was skipped because of an unmet condition check (ConditionPathExists=/sys/kernel/tracing).
[    2.835481] systemd[1]: Mounting Temporary Directory /tmp...
         Mounting [0;1;39mTemporary Directory /tmp[0m...
[    2.856163] systemd[1]: Create List of Static Device Nodes was skipped because of an unmet condition check (ConditionFileNotEmpty=/lib/modules/6.6.52-ge0f9e2afd4cf-dirty/modules.devname).
[    2.874901] systemd[1]: Starting Load Kernel Module configfs...
         Starting [0;1;39mLoad Kernel Module configfs[0m...
[    2.898023] systemd[1]: Starting Load Kernel Module drm...
         Starting [0;1;39mLoad Kernel Module drm[0m...
[    2.918034] systemd[1]: Starting Load Kernel Module fuse...
         Starting [0;1;39mLoad Kernel Module fuse[0m...
[    2.936146] systemd[1]: File System Check on Root Device was skipped because of an unmet condition check (ConditionPathIsReadWrite=!/).
[    2.951491] systemd[1]: Starting Journal Service...
         Starting [0;1;39mJournal Service[0m...
[    2.972388] systemd[1]: Load Kernel Modules was skipped because no trigger condition checks were met.
[    2.983575] systemd[1]: Starting Generate network units from Kernel command line...
         Starting [0;1;39mGenerate network units from Kernel command line[0m...
[    3.009834] systemd[1]: Starting Remount Root and Kernel File Systems...
[    3.016486] systemd-journald[102]: Collecting audit messages is enabled.
         Starting [0;1;39mRemou[    3.025118] systemd[1]: Starting Apply Kernel Variables...
nt Root and Kernel File Systems[0m...
         Starting [0;1;39mApply[    3.045879] systemd[1]: Starting Create Static Device Nodes in /dev gracefully...
 Kernel Variables[0m...
         Starting [0;1;39mCreat[    3.069927] systemd[1]: Starting Coldplug All udev Devices...
e Static Device Nodes in /dev gracefully[0m...
         Starting [0;1;39mColdplug All udev Devices[0m...
[    3.126898] systemd[1]: Started Journal Service.
[[0;32m  OK  [0m] Started [0;1;39mJournal Service[0m.
[[0;32m  OK  [0m] Mounted [0;1;39mHuge Pages File System[0m.
[[0;32m  OK  [0m] Mounted [0;1;39mPOSIX Message Queue File System[0m.
[[0;32m  OK  [0m] Mounted [0;1;39mKernel Debug File System[0m.
[[0;32m  OK  [0m] Mounted [0;1;39mTemporary Directory /tmp[0m.
[[0;32m  OK  [0m] Finished [0;1;39mLoad Kernel Module configfs[0m.
[[0;32m  OK  [0m] Finished [0;1;39mLoad Kernel Module drm[0m.
[[0;32m  OK  [0m] Finished [0;1;39mLoad Kernel Module fuse[0m.
[[0;32m  OK  [0m] Finished [0;1;39mGenerate network units from Kernel command line[0m.
[[0;32m  OK  [0m] Finished [0;1;39mRemount Root and Kernel File Systems[0m.
[[0;32m  OK  [0m] Finished [0;1;39mApply Kernel Variables[0m.
[[0;32m  OK  [0m] Finished [0;1;39mCreate Static Device Nodes in /dev gracefully[0m.
[[0;32m  OK  [0m] Reached target [0;1;39mPreparation for Network[0m.
         Mounting [0;1;39mKernel Configuration File System[0m...
         Starting [0;1;39mFlush Journal to Persistent Storage[0m...
         Starting [0;1;39mCreate System Users[0m...
[    3.446784] systemd-journald[102]: Received client request to flush runtime journal.
[[0;32m  OK  [0m] Finished [0;1;39mColdplug All udev Devices[0m.
[[0;32m  OK  [0m] Mounted [0;1;39mKernel Configuration File System[0m.
[[0;32m  OK  [0m] Finished [0;1;39mFlush Journal to Persistent Storage[0m.
[    3.509843] audit: type=1334 audit(1709054765.464:2): prog-id=6 op=LOAD
[    3.516492] audit: type=1334 audit(1709054765.472:3): prog-id=7 op=LOAD
[    3.523153] audit: type=1334 audit(1709054765.480:4): prog-id=8 op=LOAD
         Starting [0;1;39mUser Database Manager[0m...
[[0;32m  OK  [0m] Started [0;1;39mUser Database Manager[0m.
[[0;32m  OK  [0m] Finished [0;1;39mCreate System Users[0m.
         Starting [0;1;39mCreate Static Device Nodes in /dev[0m...
[[0;32m  OK  [0m] Finished [0;1;39mCreate Static Device Nodes in /dev[0m.
[[0;32m  OK  [0m] Reached target [0;1;39mPreparation for Local File Systems[0m.
         Mounting [0;1;39m/var/volatile[0m...
[    3.753892] audit: type=1334 audit(1709054765.708:5): prog-id=9 op=LOAD
[    3.760557] audit: type=1334 audit(1709054765.716:6): prog-id=10 op=LOAD
         Starting [0;1;39mRule-based Manager for Device Events and Files[0m...
[[0;32m  OK  [0m] Mounted [0;1;39m/var/volatile[0m.
         Starting [0;1;39mLoad/Save OS Random Seed[0m...
[[0;32m  OK  [0m] Started [0;1;39mRule-based Manager for Device Events and Files[0m.
         Starting [0;1;39mVirtual Console Setup[0m...
[[0;32m  OK  [0m] Finished [0;1;39mVirtual Console Setup[0m.
[    5.891946] random: crng init done
[[0;32m  OK  [0m] Finished [0;1;39mLoad/Save OS Random Seed[0m.
[[0m[0;31m*     [0m] A start job is running for /dev/mmcblk0p3 (5s / 30s)
M[K[[0;1;31m*[0m[0;31m*    [0m] A start job is running for /dev/mmcblk0p3 (6s / 30s)
M[K[[0;31m*[0;1;31m*[0m[0;31m*   [0m] A start job is running for /dev/mmcblk0p3 (7s / 30s)
M[K[ [0;31m*[0;1;31m*[0m[0;31m*  [0m] A start job is running for /dev/mmcblk0p3 (7s / 30s)
M[K[  [0;31m*[0;1;31m*[0m[0;31m* [0m] A start job is running for /dev/mmcblk0p3 (8s / 30s)
M[K[   [0;31m*[0;1;31m*[0m[0;31m*[0m] A start job is running for /dev/mmcblk0p3 (8s / 30s)
M[K[    [0;31m*[0;1;31m*[0m] A start job is running for /dev/mmcblk0p3 (9s / 30s)
[   12.192434] spi spi1.0: deferred probe pending
[   12.196907] spi spi1.1: deferred probe pending
[   12.201376] platform leds: deferred probe pending
M[K[     [0;31m*[0m] A start job is running for /dev/mmcblk0p3 (9s / 30s)
M[K[    [0;31m*[0;1;31m*[0m] A start job is running for /dev/mmcblk0p3 (10s / 30s)
M[K[   [0;31m*[0;1;31m*[0m[0;31m*[0m] A start job is running for /dev/mmcblk0p3 (11s / 30s)
M[K[  [0;31m*[0;1;31m*[0m[0;31m* [0m] A start job is running for /dev/mmcblk0p3 (11s / 30s)
M[K[ [0;31m*[0;1;31m*[0m[0;31m*  [0m] A start job is running for /dev/mmcblk0p3 (12s / 30s)
M[K[[0;31m*[0;1;31m*[0m[0;31m*   [0m] A start job is running for /dev/mmcblk0p3 (12s / 30s)
M[K[[0;1;31m*[0m[0;31m*    [0m] A start job is running for /dev/mmcblk0p3 (13s / 30s)
M[K[[0m[0;31m*     [0m] A start job is running for /dev/mmcblk0p3 (14s / 30s)
M[K[[0;1;31m*[0m[0;31m*    [0m] A start job is running for /dev/mmcblk0p3 (14s / 30s)
M[K[[0;31m*[0;1;31m*[0m[0;31m*   [0m] A start job is running for /dev/mmcblk0p3 (15s / 30s)
M[K[ [0;31m*[0;1;31m*[0m[0;31m*  [0m] A start job is running for /dev/mmcblk0p3 (15s / 30s)
M[K[  [0;31m*[0;1;31m*[0m[0;31m* [0m] A start job is running for /dev/mmcblk0p3 (16s / 30s)
M[K[   [0;31m*[0;1;31m*[0m[0;31m*[0m] A start job is running for /dev/mmcblk0p3 (16s / 30s)
M[K[    [0;31m*[0;1;31m*[0m] A start job is running for /dev/mmcblk0p3 (17s / 30s)
M[K[     [0;31m*[0m] A start job is running for /dev/mmcblk0p3 (17s / 30s)
M[K[    [0;31m*[0;1;31m*[0m] A start job is running for /dev/mmcblk0p3 (18s / 30s)
M[K[   [0;31m*[0;1;31m*[0m[0;31m*[0m] A start job is running for /dev/mmcblk0p3 (18s / 30s)
M[K[  [0;31m*[0;1;31m*[0m[0;31m* [0m] A start job is running for /dev/mmcblk0p3 (19s / 30s)
M[K[ [0;31m*[0;1;31m*[0m[0;31m*  [0m] A start job is running for /dev/mmcblk0p3 (19s / 30s)
M[K[[0;31m*[0;1;31m*[0m[0;31m*   [0m] A start job is running for /dev/mmcblk0p3 (20s / 30s)
M[K[[0;1;31m*[0m[0;31m*    [0m] A start job is running for /dev/mmcblk0p3 (20s / 30s)
M[K[[0m[0;31m*     [0m] A start job is running for /dev/mmcblk0p3 (21s / 30s)
M[K[[0;1;31m*[0m[0;31m*    [0m] A start job is running for /dev/mmcblk0p3 (21s / 30s)
M[K[[0;31m*[0;1;31m*[0m[0;31m*   [0m] A start job is running for /dev/mmcblk0p3 (22s / 30s)
M[K[ [0;31m*[0;1;31m*[0m[0;31m*  [0m] A start job is running for /dev/mmcblk0p3 (22s / 30s)
M[K[  [0;31m*[0;1;31m*[0m[0;31m* [0m] A start job is running for /dev/mmcblk0p3 (23s / 30s)
M[K[   [0;31m*[0;1;31m*[0m[0;31m*[0m] A start job is running for /dev/mmcblk0p3 (23s / 30s)
M[K[    [0;31m*[0;1;31m*[0m] A start job is running for /dev/mmcblk0p3 (24s / 30s)
M[K[     [0;31m*[0m] A start job is running for /dev/mmcblk0p3 (24s / 30s)
M[K[    [0;31m*[0;1;31m*[0m] A start job is running for /dev/mmcblk0p3 (25s / 30s)
M[K[   [0;31m*[0;1;31m*[0m[0;31m*[0m] A start job is running for /dev/mmcblk0p3 (25s / 30s)
M[K[  [0;31m*[0;1;31m*[0m[0;31m* [0m] A start job is running for /dev/mmcblk0p3 (26s / 30s)
M[K[ [0;31m*[0;1;31m*[0m[0;31m*  [0m] A start job is running for /dev/mmcblk0p3 (26s / 30s)
M[K[[0;31m*[0;1;31m*[0m[0;31m*   [0m] A start job is running for /dev/mmcblk0p3 (27s / 30s)
M[K[[0;1;31m*[0m[0;31m*    [0m] A start job is running for /dev/mmcblk0p3 (27s / 30s)
M[K[[0m[0;31m*     [0m] A start job is running for /dev/mmcblk0p3 (28s / 30s)
M[K[[0;1;31m*[0m[0;31m*    [0m] A start job is running for /dev/mmcblk0p3 (28s / 30s)
M[K[[0;31m*[0;1;31m*[0m[0;31m*   [0m] A start job is running for /dev/mmcblk0p3 (29s / 30s)
M[K[ [0;31m*[0;1;31m*[0m[0;31m*  [0m] A start job is running for /dev/mmcblk0p3 (29s / 30s)
M[K[[0;1;31m TIME [0m] Timed out waiting for device [0;1;39m/dev/mmcblk0p3[0m.
[K[[0;1;38;5;185mDEPEND[0m] Dependency failed for [0;1;39m/media/data[0m.
[[0;1;38;5;185mDEPEND[0m] Dependency failed for [0;1;39mLocal File Systems[0m.
[[0;1;38;5;185mDEPEND[0m] Dependency failed for [0;1;39m/home[0m.
[[0;1;38;5;185mDEPEND[0m] Dependency failed for [0;1;39m/srv[0m.
[[0;1;38;5;185mDEPEND[0m] Dependency failed for [0;1;39m/root[0m.
[[0;32m  OK  [0m] Stopped [0;1;39mDispatch Password Requests to Console Directory Watch[0m.
[[0;32m  OK  [0m] Stopped [0;1;39mForward Password Requests to Wall Directory Watch[0m.
[[0;32m  OK  [0m] Reached target [0;1;39mTimer Units[0m.
[[0;32m  OK  [0m] Closed [0;1;39mSyslog Socket[0m.
[[0;32m  OK  [0m] Reached target [0;1;39mLogin Prompts[0m.
[[0;32m  OK  [0m] Reached target [0;1;39mSocket Units[0m.
[[0;32m  OK  [0m] Started [0;1;39mEmergency Shell[0m.
[[0;32m  OK  [0m] Reached target [0;1;39mEmergency Mode[0m.
         Starting [0;1;39mRebuild Dynamic Linker Cache[0m...
         Starting [0;1;39mCreate Volatile Files and Directories[0m...
[[0;32m  OK  [0m] Finished [0;1;39mRebuild Dynamic Linker Cache[0m.
[[0;32m  OK  [0m] Finished [0;1;39mCreate Volatile Files and Directories[0m.
         Starting [0;1;39mRebuild Journal Catalog[0m...
[   33.053859] audit: type=1334 audit(1709054795.008:7): prog-id=11 op=LOAD
         Starting [0;1;39mNetwork Name Resolution[0m...
[   33.077515] audit: type=1334 audit(1709054795.032:8): prog-id=12 op=LOAD
         Starting [0;1;39mNetwork Time Synchronization[0m...
         Starting [0;1;39mRecord System Boot/Shutdown in UTMP[0m...
[[0;32m  OK  [0m] Finished [0;1;39mRebuild Journal Catalog[0m.
[[0;32m  OK  [0m] Finished [0;1;39mRecord System Boot/Shutdown in UTMP[0m.
         Starting [0;1;39mUpdate is Completed[0m...
         Starting [0;1;39mRecord Runlevel Change in UTMP[0m...
[[0;32m  OK  [0m] Started [0;1;39mNetwork Time Synchronization[0m.
[[0;32m  OK  [0m] Started [0;1;39mNetwork Name Resolution[0m.
[[0;32m  OK  [0m] Finished [0;1;39mUpdate is Completed[0m.
[[0;32m  OK  [0m] Reached target [0;1;39mHost and Network Name Lookups[0m.
[[0;32m  OK  [0m] Reached target [0;1;39mSystem Time Set[0m.
[[0;32m  OK  [0m] Finished [0;1;39mRecord Runlevel Change in UTMP[0m.
You are in emergency mode. After logging in, typPress Enter for maintenance
(or press Control-D to continue): 
[TX] 

sh-5.2# 
[TX] ifconfig eth0 10.10.10.2

[TX] ping 10.10.10.1 -c1
ifconfig eth0 10.10.10.2
sh-5.2# ping 10.10.10.1 -c1
PING 10.10.10.1 (10.10.10.1): 56 data bytes
64 bytes from 10.10.10.1: seq=0 ttl=64 time=0.690 ms

--- 10.10.10.1 ping statistics ---
1 packets transmitted, 1 packets received, 0% packet loss
round-trip min/avg/max = 0.690/0.690/0.690 ms
sh-5.2# 